Archive member included to satisfy reference by file (symbol)

/opt/st/stm32cubeclt_1.16.0/GNU-tools-for-STM32/bin/../lib/gcc/arm-none-eabi/12.3.1/../../../../arm-none-eabi/lib/thumb/v7e-m+fp/hard/libc_nano.a(libc_a-exit.o)
                              /opt/st/stm32cubeclt_1.16.0/GNU-tools-for-STM32/bin/../lib/gcc/arm-none-eabi/12.3.1/../../../../arm-none-eabi/lib/thumb/v7e-m+fp/hard/crt0.o (exit)
/opt/st/stm32cubeclt_1.16.0/GNU-tools-for-STM32/bin/../lib/gcc/arm-none-eabi/12.3.1/../../../../arm-none-eabi/lib/thumb/v7e-m+fp/hard/libc_nano.a(libc_a-findfp.o)
                              /opt/st/stm32cubeclt_1.16.0/GNU-tools-for-STM32/bin/../lib/gcc/arm-none-eabi/12.3.1/../../../../arm-none-eabi/lib/thumb/v7e-m+fp/hard/libc_nano.a(libc_a-exit.o) (__stdio_exit_handler)
/opt/st/stm32cubeclt_1.16.0/GNU-tools-for-STM32/bin/../lib/gcc/arm-none-eabi/12.3.1/../../../../arm-none-eabi/lib/thumb/v7e-m+fp/hard/libc_nano.a(libc_a-fwalk.o)
                              /opt/st/stm32cubeclt_1.16.0/GNU-tools-for-STM32/bin/../lib/gcc/arm-none-eabi/12.3.1/../../../../arm-none-eabi/lib/thumb/v7e-m+fp/hard/libc_nano.a(libc_a-findfp.o) (_fwalk_sglue)
/opt/st/stm32cubeclt_1.16.0/GNU-tools-for-STM32/bin/../lib/gcc/arm-none-eabi/12.3.1/../../../../arm-none-eabi/lib/thumb/v7e-m+fp/hard/libc_nano.a(libc_a-stdio.o)
                              /opt/st/stm32cubeclt_1.16.0/GNU-tools-for-STM32/bin/../lib/gcc/arm-none-eabi/12.3.1/../../../../arm-none-eabi/lib/thumb/v7e-m+fp/hard/libc_nano.a(libc_a-findfp.o) (__sread)
/opt/st/stm32cubeclt_1.16.0/GNU-tools-for-STM32/bin/../lib/gcc/arm-none-eabi/12.3.1/../../../../arm-none-eabi/lib/thumb/v7e-m+fp/hard/libc_nano.a(libc_a-memset.o)
                              /opt/st/stm32cubeclt_1.16.0/GNU-tools-for-STM32/bin/../lib/gcc/arm-none-eabi/12.3.1/../../../../arm-none-eabi/lib/thumb/v7e-m+fp/hard/crt0.o (memset)
/opt/st/stm32cubeclt_1.16.0/GNU-tools-for-STM32/bin/../lib/gcc/arm-none-eabi/12.3.1/../../../../arm-none-eabi/lib/thumb/v7e-m+fp/hard/libc_nano.a(libc_a-closer.o)
                              /opt/st/stm32cubeclt_1.16.0/GNU-tools-for-STM32/bin/../lib/gcc/arm-none-eabi/12.3.1/../../../../arm-none-eabi/lib/thumb/v7e-m+fp/hard/libc_nano.a(libc_a-stdio.o) (_close_r)
/opt/st/stm32cubeclt_1.16.0/GNU-tools-for-STM32/bin/../lib/gcc/arm-none-eabi/12.3.1/../../../../arm-none-eabi/lib/thumb/v7e-m+fp/hard/libc_nano.a(libc_a-reent.o)
                              /opt/st/stm32cubeclt_1.16.0/GNU-tools-for-STM32/bin/../lib/gcc/arm-none-eabi/12.3.1/../../../../arm-none-eabi/lib/thumb/v7e-m+fp/hard/libc_nano.a(libc_a-closer.o) (errno)
/opt/st/stm32cubeclt_1.16.0/GNU-tools-for-STM32/bin/../lib/gcc/arm-none-eabi/12.3.1/../../../../arm-none-eabi/lib/thumb/v7e-m+fp/hard/libc_nano.a(libc_a-impure.o)
                              /opt/st/stm32cubeclt_1.16.0/GNU-tools-for-STM32/bin/../lib/gcc/arm-none-eabi/12.3.1/../../../../arm-none-eabi/lib/thumb/v7e-m+fp/hard/libc_nano.a(libc_a-reent.o) (_impure_ptr)
/opt/st/stm32cubeclt_1.16.0/GNU-tools-for-STM32/bin/../lib/gcc/arm-none-eabi/12.3.1/../../../../arm-none-eabi/lib/thumb/v7e-m+fp/hard/libc_nano.a(libc_a-lseekr.o)
                              /opt/st/stm32cubeclt_1.16.0/GNU-tools-for-STM32/bin/../lib/gcc/arm-none-eabi/12.3.1/../../../../arm-none-eabi/lib/thumb/v7e-m+fp/hard/libc_nano.a(libc_a-stdio.o) (_lseek_r)
/opt/st/stm32cubeclt_1.16.0/GNU-tools-for-STM32/bin/../lib/gcc/arm-none-eabi/12.3.1/../../../../arm-none-eabi/lib/thumb/v7e-m+fp/hard/libc_nano.a(libc_a-readr.o)
                              /opt/st/stm32cubeclt_1.16.0/GNU-tools-for-STM32/bin/../lib/gcc/arm-none-eabi/12.3.1/../../../../arm-none-eabi/lib/thumb/v7e-m+fp/hard/libc_nano.a(libc_a-stdio.o) (_read_r)
/opt/st/stm32cubeclt_1.16.0/GNU-tools-for-STM32/bin/../lib/gcc/arm-none-eabi/12.3.1/../../../../arm-none-eabi/lib/thumb/v7e-m+fp/hard/libc_nano.a(libc_a-writer.o)
                              /opt/st/stm32cubeclt_1.16.0/GNU-tools-for-STM32/bin/../lib/gcc/arm-none-eabi/12.3.1/../../../../arm-none-eabi/lib/thumb/v7e-m+fp/hard/libc_nano.a(libc_a-stdio.o) (_write_r)
/opt/st/stm32cubeclt_1.16.0/GNU-tools-for-STM32/bin/../lib/gcc/arm-none-eabi/12.3.1/../../../../arm-none-eabi/lib/thumb/v7e-m+fp/hard/libc_nano.a(libc_a-init.o)
                              /opt/st/stm32cubeclt_1.16.0/GNU-tools-for-STM32/bin/../lib/gcc/arm-none-eabi/12.3.1/../../../../arm-none-eabi/lib/thumb/v7e-m+fp/hard/crt0.o (__libc_init_array)
/opt/st/stm32cubeclt_1.16.0/GNU-tools-for-STM32/bin/../lib/gcc/arm-none-eabi/12.3.1/../../../../arm-none-eabi/lib/thumb/v7e-m+fp/hard/libc_nano.a(libc_a-lock.o)
                              /opt/st/stm32cubeclt_1.16.0/GNU-tools-for-STM32/bin/../lib/gcc/arm-none-eabi/12.3.1/../../../../arm-none-eabi/lib/thumb/v7e-m+fp/hard/libc_nano.a(libc_a-findfp.o) (__retarget_lock_init_recursive)
/opt/st/stm32cubeclt_1.16.0/GNU-tools-for-STM32/bin/../lib/gcc/arm-none-eabi/12.3.1/../../../../arm-none-eabi/lib/thumb/v7e-m+fp/hard/libc_nano.a(libc_a-freer.o)
[...]
Memory Configuration

Name             Origin             Length             Attributes
RAM              0x20000000         0x00020000         xrw
CCMRAM           0x10000000         0x00010000         xrw
FLASH            0x08000000         0x00100000         xr
*default*        0x00000000         0xffffffff

Linker script and memory map

LOAD /opt/st/stm32cubeclt_1.16.0/GNU-tools-for-STM32/bin/../lib/gcc/arm-none-eabi/12.3.1/thumb/v7e-m+fp/hard/crti.o
LOAD /opt/st/stm32cubeclt_1.16.0/GNU-tools-for-STM32/bin/../lib/gcc/arm-none-eabi/12.3.1/thumb/v7e-m+fp/hard/crtbegin.o
LOAD /opt/st/stm32cubeclt_1.16.0/GNU-tools-for-STM32/bin/../lib/gcc/arm-none-eabi/12.3.1/../../../../arm-none-eabi/lib/thumb/v7e-m+fp/hard/crt0.o
START GROUP
LOAD /opt/st/stm32cubeclt_1.16.0/GNU-tools-for-STM32/bin/../lib/gcc/arm-none-eabi/12.3.1/../../../../arm-none-eabi/lib/thumb/v7e-m+fp/hard/libc_nano.a
LOAD /opt/st/stm32cubeclt_1.16.0/GNU-tools-for-STM32/bin/../lib/gcc/arm-none-eabi/12.3.1/../../../../arm-none-eabi/lib/thumb/v7e-m+fp/hard/libm.a
END GROUP
LOAD CMakeFiles/STM32.dir/Core/Src/main.c.obj
LOAD CMakeFiles/STM32.dir/Core/Src/stm32f4xx_it.c.obj
LOAD CMakeFiles/STM32.dir/Core/Src/stm32f4xx_hal_msp.c.obj
LOAD CMakeFiles/STM32.dir/USB_DEVICE/App/usb_device.c.obj
LOAD CMakeFiles/STM32.dir/USB_DEVICE/App/usbd_desc.c.obj
LOAD CMakeFiles/STM32.dir/USB_DEVICE/App/usbd_cdc_if.c.obj
LOAD CMakeFiles/STM32.dir/USB_DEVICE/Target/usbd_conf.c.obj
LOAD CMakeFiles/STM32.dir/Drivers/STM32F4xx_HAL_Driver/Src/stm32f4xx_hal_pcd.c.obj
LOAD CMakeFiles/STM32.dir/Drivers/STM32F4xx_HAL_Driver/Src/stm32f4xx_hal_pcd_ex.c.obj
LOAD CMakeFiles/STM32.dir/Drivers/STM32F4xx_HAL_Driver/Src/stm32f4xx_ll_usb.c.obj
LOAD CMakeFiles/STM32.dir/Drivers/STM32F4xx_HAL_Driver/Src/stm32f4xx_hal_rcc.c.obj
LOAD CMakeFiles/STM32.dir/Drivers/STM32F4xx_HAL_Driver/Src/stm32f4xx_hal_rcc_ex.c.obj
LOAD CMakeFiles/STM32.dir/Drivers/STM32F4xx_HAL_Driver/Src/stm32f4xx_hal_flash.c.obj
LOAD CMakeFiles/STM32.dir/Drivers/STM32F4xx_HAL_Driver/Src/stm32f4xx_hal_flash_ex.c.obj
LOAD CMakeFiles/STM32.dir/Drivers/STM32F4xx_HAL_Driver/Src/stm32f4xx_hal_flash_ramfunc.c.obj
LOAD CMakeFiles/STM32.dir/Drivers/STM32F4xx_HAL_Driver/Src/stm32f4xx_hal_gpio.c.obj
LOAD CMakeFiles/STM32.dir/Drivers/STM32F4xx_HAL_Driver/Src/stm32f4xx_hal_dma_ex.c.obj
LOAD CMakeFiles/STM32.dir/Drivers/STM32F4xx_HAL_Driver/Src/stm32f4xx_hal_dma.c.obj
LOAD CMakeFiles/STM32.dir/Drivers/STM32F4xx_HAL_Driver/Src/stm32f4xx_hal_pwr.c.obj
LOAD CMakeFiles/STM32.dir/Drivers/STM32F4xx_HAL_Driver/Src/stm32f4xx_hal_pwr_ex.c.obj
LOAD CMakeFiles/STM32.dir/Drivers/STM32F4xx_HAL_Driver/Src/stm32f4xx_hal_cortex.c.obj
LOAD CMakeFiles/STM32.dir/Drivers/STM32F4xx_HAL_Driver/Src/stm32f4xx_hal.c.obj
LOAD CMakeFiles/STM32.dir/Drivers/STM32F4xx_HAL_Driver/Src/stm32f4xx_hal_exti.c.obj
LOAD CMakeFiles/STM32.dir/Core/Src/system_stm32f4xx.c.obj
LOAD CMakeFiles/STM32.dir/Middlewares/ST/STM32_USB_Device_Library/Core/Src/usbd_core.c.obj
LOAD CMakeFiles/STM32.dir/Middlewares/ST/STM32_USB_Device_Library/Core/Src/usbd_ctlreq.c.obj
LOAD CMakeFiles/STM32.dir/Middlewares/ST/STM32_USB_Device_Library/Core/Src/usbd_ioreq.c.obj
LOAD CMakeFiles/STM32.dir/Middlewares/ST/STM32_USB_Device_Library/Class/CDC/Src/usbd_cdc.c.obj
LOAD CMakeFiles/STM32.dir/Core/Src/sysmem.c.obj
LOAD CMakeFiles/STM32.dir/Core/Src/syscalls.c.obj
LOAD CMakeFiles/STM32.dir/startup_stm32f407xx.s.obj
START GROUP
LOAD /opt/st/stm32cubeclt_1.16.0/GNU-tools-for-STM32/bin/../lib/gcc/arm-none-eabi/12.3.1/thumb/v7e-m+fp/hard/libgcc.a
LOAD /opt/st/stm32cubeclt_1.16.0/GNU-tools-for-STM32/bin/../lib/gcc/arm-none-eabi/12.3.1/../../../../arm-none-eabi/lib/thumb/v7e-m+fp/hard/libg_nano.a
LOAD /opt/st/stm32cubeclt_1.16.0/GNU-tools-for-STM32/bin/../lib/gcc/arm-none-eabi/12.3.1/../../../../arm-none-eabi/lib/thumb/v7e-m+fp/hard/libc_nano.a
END GROUP
START GROUP
LOAD /opt/st/stm32cubeclt_1.16.0/GNU-tools-for-STM32/bin/../lib/gcc/arm-none-eabi/12.3.1/thumb/v7e-m+fp/hard/libgcc.a
LOAD /opt/st/stm32cubeclt_1.16.0/GNU-tools-for-STM32/bin/../lib/gcc/arm-none-eabi/12.3.1/../../../../arm-none-eabi/lib/thumb/v7e-m+fp/hard/libc_nano.a
END GROUP
LOAD /opt/st/stm32cubeclt_1.16.0/GNU-tools-for-STM32/bin/../lib/gcc/arm-none-eabi/12.3.1/thumb/v7e-m+fp/hard/crtend.o
LOAD /opt/st/stm32cubeclt_1.16.0/GNU-tools-for-STM32/bin/../lib/gcc/arm-none-eabi/12.3.1/thumb/v7e-m+fp/hard/crtn.o
                0x20020000                        _estack = (ORIGIN (RAM) + LENGTH (RAM))
                0x00000200                        _Min_Heap_Size = 0x200
                0x00000400                        _Min_Stack_Size = 0x400

.isr_vector     0x08000000      0x188
                0x08000000                        . = ALIGN (0x4)
 *(.isr_vector)
 .isr_vector    0x08000000      0x188 CMakeFiles/STM32.dir/startup_stm32f407xx.s.obj
                0x08000000                g_pfnVectors
                0x08000188                        . = ALIGN (0x4)

.text           0x08000188     0x6c50
                0x08000188                        . = ALIGN (0x4)
 *(.text)
 .text          0x08000188       0x40 /opt/st/stm32cubeclt_1.16.0/GNU-tools-for-STM32/bin/../lib/gcc/arm-none-eabi/12.3.1/thumb/v7e-m+fp/hard/crtbegin.o
 .text          0x080001c8       0x30 /opt/st/stm32cubeclt_1.16.0/GNU-tools-for-STM32/bin/../lib/gcc/arm-none-eabi/12.3.1/thumb/v7e-m+fp/hard/libgcc.a(_aeabi_uldivmod.o)
                0x080001c8                __aeabi_uldivmod
 .text          0x080001f8      0x2bc /opt/st/stm32cubeclt_1.16.0/GNU-tools-for-STM32/bin/../lib/gcc/arm-none-eabi/12.3.1/thumb/v7e-m+fp/hard/libgcc.a(_udivmoddi4.o)
                0x080001f8                __udivmoddi4
 .text          0x080004b4        0x4 /opt/st/stm32cubeclt_1.16.0/GNU-tools-for-STM32/bin/../lib/gcc/arm-none-eabi/12.3.1/thumb/v7e-m+fp/hard/libgcc.a(_dvmd_tls.o)
                0x080004b4                __aeabi_ldiv0
                0x080004b4                __aeabi_idiv0
 *(.text*)
 .text.memset   0x080004b8       0x10 /opt/st/stm32cubeclt_1.16.0/GNU-tools-for-STM32/bin/../lib/gcc/arm-none-eabi/12.3.1/../../../../arm-none-eabi/lib/thumb/v7e-m+fp/hard/libc_nano.a(libc_a-memset.o)
                0x080004b8                memset
 .text.__libc_init_array
                0x080004c8       0x48 /opt/st/stm32cubeclt_1.16.0/GNU-tools-for-STM32/bin/../lib/gcc/arm-none-eabi/12.3.1/../../../../arm-none-eabi/lib/thumb/v7e-m+fp/hard/libc_nano.a(libc_a-init.o)
                0x080004c8                __libc_init_array
 .text.main     0x08000510       0x98 CMakeFiles/STM32.dir/Core/Src/main.c.obj
                0x08000510                main
 .text.SystemClock_Config
                0x080005a8       0xd0 CMakeFiles/STM32.dir/Core/Src/main.c.obj
                0x080005a8                SystemClock_Config
 .text.MX_GPIO_Init
                0x08000678       0xa4 CMakeFiles/STM32.dir/Core/Src/main.c.obj
 .text.TogglePin
                0x0800071c       0x68 CMakeFiles/STM32.dir/Core/Src/main.c.obj
                0x0800071c                TogglePin
 .text.Error_Handler
                0x08000784        0xc CMakeFiles/STM32.dir/Core/Src/main.c.obj
                0x08000784                Error_Handler
 .text.NMI_Handler
                0x08000790        0x8 CMakeFiles/STM32.dir/Core/Src/stm32f4xx_it.c.obj
                0x08000790                NMI_Handler
 .text.HardFault_Handler
                0x08000798        0x8 CMakeFiles/STM32.dir/Core/Src/stm32f4xx_it.c.obj
                0x08000798                HardFault_Handler
 .text.MemManage_Handler
                0x080007a0        0x8 CMakeFiles/STM32.dir/Core/Src/stm32f4xx_it.c.obj
                0x080007a0                MemManage_Handler
 .text.BusFault_Handler
                0x080007a8        0x8 CMakeFiles/STM32.dir/Core/Src/stm32f4xx_it.c.obj
                0x080007a8                BusFault_Handler
 .text.UsageFault_Handler
                0x080007b0        0x8 CMakeFiles/STM32.dir/Core/Src/stm32f4xx_it.c.obj
                0x080007b0                UsageFault_Handler
 .text.SVC_Handler
                0x080007b8        0xe CMakeFiles/STM32.dir/Core/Src/stm32f4xx_it.c.obj
                0x080007b8                SVC_Handler
 .text.DebugMon_Handler
                0x080007c6        0xe CMakeFiles/STM32.dir/Core/Src/stm32f4xx_it.c.obj
                0x080007c6                DebugMon_Handler
 .text.PendSV_Handler
                0x080007d4        0xe CMakeFiles/STM32.dir/Core/Src/stm32f4xx_it.c.obj
                0x080007d4                PendSV_Handler
 .text.SysTick_Handler
                0x080007e2        0xc CMakeFiles/STM32.dir/Core/Src/stm32f4xx_it.c.obj
                0x080007e2                SysTick_Handler
 *fill*         0x080007ee        0x2 
 .text.OTG_FS_IRQHandler
                0x080007f0       0x14 CMakeFiles/STM32.dir/Core/Src/stm32f4xx_it.c.obj
                0x080007f0                OTG_FS_IRQHandler
 .text.HAL_MspInit
                0x08000804       0x50 CMakeFiles/STM32.dir/Core/Src/stm32f4xx_hal_msp.c.obj
                0x08000804                HAL_MspInit
 .text.MX_USB_DEVICE_Init
                0x08000854       0x60 CMakeFiles/STM32.dir/USB_DEVICE/App/usb_device.c.obj
                0x08000854                MX_USB_DEVICE_Init
 .text.USBD_FS_DeviceDescriptor
                0x080008b4       0x24 CMakeFiles/STM32.dir/USB_DEVICE/App/usbd_desc.c.obj
                0x080008b4                USBD_FS_DeviceDescriptor
 .text.USBD_FS_LangIDStrDescriptor
                0x080008d8       0x24 CMakeFiles/STM32.dir/USB_DEVICE/App/usbd_desc.c.obj
                0x080008d8                USBD_FS_LangIDStrDescriptor
 .text.USBD_FS_ProductStrDescriptor
                0x080008fc       0x3c CMakeFiles/STM32.dir/USB_DEVICE/App/usbd_desc.c.obj
                0x080008fc                USBD_FS_ProductStrDescriptor
 .text.USBD_FS_ManufacturerStrDescriptor
                0x08000938       0x28 CMakeFiles/STM32.dir/USB_DEVICE/App/usbd_desc.c.obj
                0x08000938                USBD_FS_ManufacturerStrDescriptor
 .text.USBD_FS_SerialStrDescriptor
                0x08000960       0x24 CMakeFiles/STM32.dir/USB_DEVICE/App/usbd_desc.c.obj
                0x08000960                USBD_FS_SerialStrDescriptor
 .text.USBD_FS_ConfigStrDescriptor
                0x08000984       0x3c CMakeFiles/STM32.dir/USB_DEVICE/App/usbd_desc.c.obj
                0x08000984                USBD_FS_ConfigStrDescriptor
 .text.USBD_FS_InterfaceStrDescriptor
                0x080009c0       0x3c CMakeFiles/STM32.dir/USB_DEVICE/App/usbd_desc.c.obj
                0x080009c0                USBD_FS_InterfaceStrDescriptor
 .text.Get_SerialNum
                0x080009fc       0x58 CMakeFiles/STM32.dir/USB_DEVICE/App/usbd_desc.c.obj
 .text.IntToUnicode
                0x08000a54       0x7e CMakeFiles/STM32.dir/USB_DEVICE/App/usbd_desc.c.obj
 *fill*         0x08000ad2        0x2 
 .text.__NVIC_SystemReset
                0x08000ad4       0x2c CMakeFiles/STM32.dir/USB_DEVICE/App/usbd_cdc_if.c.obj
 .text.CDC_Init_FS
                0x08000b00       0x28 CMakeFiles/STM32.dir/USB_DEVICE/App/usbd_cdc_if.c.obj
 .text.CDC_DeInit_FS
                0x08000b28       0x10 CMakeFiles/STM32.dir/USB_DEVICE/App/usbd_cdc_if.c.obj
 .text.CDC_Control_FS
                0x08000b38       0xbc CMakeFiles/STM32.dir/USB_DEVICE/App/usbd_cdc_if.c.obj
 .text.CDC_Receive_FS
                0x08000bf4       0xa4 CMakeFiles/STM32.dir/USB_DEVICE/App/usbd_cdc_if.c.obj
 .text.CDC_TransmitCplt_FS
                0x08000c98       0x22 CMakeFiles/STM32.dir/USB_DEVICE/App/usbd_cdc_if.c.obj
 *fill*         0x08000cba        0x2 
 .text.HAL_PCD_MspInit
                0x08000cbc       0xa8 CMakeFiles/STM32.dir/USB_DEVICE/Target/usbd_conf.c.obj
                0x08000cbc                HAL_PCD_MspInit
 .text.HAL_PCD_SetupStageCallback
                0x08000d64       0x24 CMakeFiles/STM32.dir/USB_DEVICE/Target/usbd_conf.c.obj
                0x08000d64                HAL_PCD_SetupStageCallback
 .text.HAL_PCD_DataOutStageCallback
                0x08000d88       0x36 CMakeFiles/STM32.dir/USB_DEVICE/Target/usbd_conf.c.obj
                0x08000d88                HAL_PCD_DataOutStageCallback
 .text.HAL_PCD_DataInStageCallback
                0x08000dbe       0x34 CMakeFiles/STM32.dir/USB_DEVICE/Target/usbd_conf.c.obj
                0x08000dbe                HAL_PCD_DataInStageCallback
 .text.HAL_PCD_SOFCallback
                0x08000df2       0x1c CMakeFiles/STM32.dir/USB_DEVICE/Target/usbd_conf.c.obj
                0x08000df2                HAL_PCD_SOFCallback
 .text.HAL_PCD_ResetCallback
                0x08000e0e       0x50 CMakeFiles/STM32.dir/USB_DEVICE/Target/usbd_conf.c.obj
                0x08000e0e                HAL_PCD_ResetCallback
 *fill*         0x08000e5e        0x2 
 .text.HAL_PCD_SuspendCallback
                0x08000e60       0x4c CMakeFiles/STM32.dir/USB_DEVICE/Target/usbd_conf.c.obj
                0x08000e60                HAL_PCD_SuspendCallback
 .text.HAL_PCD_ResumeCallback
                0x08000eac       0x1c CMakeFiles/STM32.dir/USB_DEVICE/Target/usbd_conf.c.obj
                0x08000eac                HAL_PCD_ResumeCallback
 .text.HAL_PCD_ISOOUTIncompleteCallback
                0x08000ec8       0x24 CMakeFiles/STM32.dir/USB_DEVICE/Target/usbd_conf.c.obj
                0x08000ec8                HAL_PCD_ISOOUTIncompleteCallback
 .text.HAL_PCD_ISOINIncompleteCallback
                0x08000eec       0x24 CMakeFiles/STM32.dir/USB_DEVICE/Target/usbd_conf.c.obj
                0x08000eec                HAL_PCD_ISOINIncompleteCallback
 .text.HAL_PCD_ConnectCallback
                0x08000f10       0x1c CMakeFiles/STM32.dir/USB_DEVICE/Target/usbd_conf.c.obj
                0x08000f10                HAL_PCD_ConnectCallback
 .text.HAL_PCD_DisconnectCallback
                0x08000f2c       0x1c CMakeFiles/STM32.dir/USB_DEVICE/Target/usbd_conf.c.obj
                0x08000f2c                HAL_PCD_DisconnectCallback
 .text.USBD_LL_Init
                0x08000f48       0x98 CMakeFiles/STM32.dir/USB_DEVICE/Target/usbd_conf.c.obj
                0x08000f48                USBD_LL_Init
 .text.USBD_LL_Start
                0x08000fe0       0x36 CMakeFiles/STM32.dir/USB_DEVICE/Target/usbd_conf.c.obj
                0x08000fe0                USBD_LL_Start
 .text.USBD_LL_OpenEP
                0x08001016       0x4c CMakeFiles/STM32.dir/USB_DEVICE/Target/usbd_conf.c.obj
                0x08001016                USBD_LL_OpenEP
 .text.USBD_LL_CloseEP
                0x08001062       0x3e CMakeFiles/STM32.dir/USB_DEVICE/Target/usbd_conf.c.obj
                0x08001062                USBD_LL_CloseEP
 .text.USBD_LL_StallEP
                0x080010a0       0x3e CMakeFiles/STM32.dir/USB_DEVICE/Target/usbd_conf.c.obj
                0x080010a0                USBD_LL_StallEP
 .text.USBD_LL_ClearStallEP
                0x080010de       0x3e CMakeFiles/STM32.dir/USB_DEVICE/Target/usbd_conf.c.obj
                0x080010de                USBD_LL_ClearStallEP
 .text.USBD_LL_IsStallEP
                0x0800111c       0x58 CMakeFiles/STM32.dir/USB_DEVICE/Target/usbd_conf.c.obj
                0x0800111c                USBD_LL_IsStallEP
 .text.USBD_LL_SetUSBAddress
                0x08001174       0x3e CMakeFiles/STM32.dir/USB_DEVICE/Target/usbd_conf.c.obj
                0x08001174                USBD_LL_SetUSBAddress
 .text.USBD_LL_Transmit
                0x080011b2       0x42 CMakeFiles/STM32.dir/USB_DEVICE/Target/usbd_conf.c.obj
                0x080011b2                USBD_LL_Transmit
 .text.USBD_LL_PrepareReceive
                0x080011f4       0x42 CMakeFiles/STM32.dir/USB_DEVICE/Target/usbd_conf.c.obj
                0x080011f4                USBD_LL_PrepareReceive
 .text.USBD_LL_GetRxDataSize
                0x08001236       0x26 CMakeFiles/STM32.dir/USB_DEVICE/Target/usbd_conf.c.obj
                0x08001236                USBD_LL_GetRxDataSize
 .text.USBD_static_malloc
                0x0800125c       0x1c CMakeFiles/STM32.dir/USB_DEVICE/Target/usbd_conf.c.obj
                0x0800125c                USBD_static_malloc
 .text.USBD_static_free
                0x08001278       0x14 CMakeFiles/STM32.dir/USB_DEVICE/Target/usbd_conf.c.obj
                0x08001278                USBD_static_free
 .text.USBD_Get_USB_Status
                0x0800128c       0x58 CMakeFiles/STM32.dir/USB_DEVICE/Target/usbd_conf.c.obj
                0x0800128c                USBD_Get_USB_Status
 .text.HAL_PCD_Init
                0x080012e4      0x21e CMakeFiles/STM32.dir/Drivers/STM32F4xx_HAL_Driver/Src/stm32f4xx_hal_pcd.c.obj
                0x080012e4                HAL_PCD_Init
 .text.HAL_PCD_Start
                0x08001502       0x6a CMakeFiles/STM32.dir/Drivers/STM32F4xx_HAL_Driver/Src/stm32f4xx_hal_pcd.c.obj
                0x08001502                HAL_PCD_Start
 .text.HAL_PCD_IRQHandler
                0x0800156c      0x942 CMakeFiles/STM32.dir/Drivers/STM32F4xx_HAL_Driver/Src/stm32f4xx_hal_pcd.c.obj
                0x0800156c                HAL_PCD_IRQHandler
 .text.HAL_PCD_SetAddress
                0x08001eae       0x48 CMakeFiles/STM32.dir/Drivers/STM32F4xx_HAL_Driver/Src/stm32f4xx_hal_pcd.c.obj
                0x08001eae                HAL_PCD_SetAddress
 .text.HAL_PCD_EP_Open
                0x08001ef6       0xd4 CMakeFiles/STM32.dir/Drivers/STM32F4xx_HAL_Driver/Src/stm32f4xx_hal_pcd.c.obj
                0x08001ef6                HAL_PCD_EP_Open
 .text.HAL_PCD_EP_Close
                0x08001fca       0x94 CMakeFiles/STM32.dir/Drivers/STM32F4xx_HAL_Driver/Src/stm32f4xx_hal_pcd.c.obj
                0x08001fca                HAL_PCD_EP_Close
 .text.HAL_PCD_EP_Receive
                0x0800205e       0x76 CMakeFiles/STM32.dir/Drivers/STM32F4xx_HAL_Driver/Src/stm32f4xx_hal_pcd.c.obj
                0x0800205e                HAL_PCD_EP_Receive
 .text.HAL_PCD_EP_GetRxCount
                0x080020d4       0x30 CMakeFiles/STM32.dir/Drivers/STM32F4xx_HAL_Driver/Src/stm32f4xx_hal_pcd.c.obj
                0x080020d4                HAL_PCD_EP_GetRxCount
 .text.HAL_PCD_EP_Transmit
                0x08002104       0x74 CMakeFiles/STM32.dir/Drivers/STM32F4xx_HAL_Driver/Src/stm32f4xx_hal_pcd.c.obj
                0x08002104                HAL_PCD_EP_Transmit
 .text.HAL_PCD_EP_SetStall
                0x08002178       0xc6 CMakeFiles/STM32.dir/Drivers/STM32F4xx_HAL_Driver/Src/stm32f4xx_hal_pcd.c.obj
                0x08002178                HAL_PCD_EP_SetStall
 .text.HAL_PCD_EP_ClrStall
                0x0800223e       0xac CMakeFiles/STM32.dir/Drivers/STM32F4xx_HAL_Driver/Src/stm32f4xx_hal_pcd.c.obj
                0x0800223e                HAL_PCD_EP_ClrStall
 .text.HAL_PCD_EP_Abort
                0x080022ea       0x62 CMakeFiles/STM32.dir/Drivers/STM32F4xx_HAL_Driver/Src/stm32f4xx_hal_pcd.c.obj
                0x080022ea                HAL_PCD_EP_Abort
 .text.PCD_WriteEmptyTxFifo
                0x0800234c      0x118 CMakeFiles/STM32.dir/Drivers/STM32F4xx_HAL_Driver/Src/stm32f4xx_hal_pcd.c.obj
 .text.PCD_EP_OutXfrComplete_int
                0x08002464      0x1d0 CMakeFiles/STM32.dir/Drivers/STM32F4xx_HAL_Driver/Src/stm32f4xx_hal_pcd.c.obj
 .text.PCD_EP_OutSetupPacket_int
                0x08002634       0x8c CMakeFiles/STM32.dir/Drivers/STM32F4xx_HAL_Driver/Src/stm32f4xx_hal_pcd.c.obj
 .text.HAL_PCDEx_SetTxFiFo
                0x080026c0       0x8e CMakeFiles/STM32.dir/Drivers/STM32F4xx_HAL_Driver/Src/stm32f4xx_hal_pcd_ex.c.obj
                0x080026c0                HAL_PCDEx_SetTxFiFo
 .text.HAL_PCDEx_SetRxFiFo
                0x0800274e       0x22 CMakeFiles/STM32.dir/Drivers/STM32F4xx_HAL_Driver/Src/stm32f4xx_hal_pcd_ex.c.obj
                0x0800274e                HAL_PCDEx_SetRxFiFo
 .text.HAL_PCDEx_LPM_Callback
                0x08002770       0x18 CMakeFiles/STM32.dir/Drivers/STM32F4xx_HAL_Driver/Src/stm32f4xx_hal_pcd_ex.c.obj
                0x08002770                HAL_PCDEx_LPM_Callback
 .text.USB_CoreInit
                0x08002788       0xc8 CMakeFiles/STM32.dir/Drivers/STM32F4xx_HAL_Driver/Src/stm32f4xx_ll_usb.c.obj
                0x08002788                USB_CoreInit
 .text.USB_SetTurnaroundTime
                0x08002850      0x144 CMakeFiles/STM32.dir/Drivers/STM32F4xx_HAL_Driver/Src/stm32f4xx_ll_usb.c.obj
                0x08002850                USB_SetTurnaroundTime
 .text.USB_EnableGlobalInt
                0x08002994       0x22 CMakeFiles/STM32.dir/Drivers/STM32F4xx_HAL_Driver/Src/stm32f4xx_ll_usb.c.obj
                0x08002994                USB_EnableGlobalInt
 .text.USB_DisableGlobalInt
                0x080029b6       0x22 CMakeFiles/STM32.dir/Drivers/STM32F4xx_HAL_Driver/Src/stm32f4xx_ll_usb.c.obj
                0x080029b6                USB_DisableGlobalInt
 .text.USB_SetCurrentMode
                0x080029d8       0x98 CMakeFiles/STM32.dir/Drivers/STM32F4xx_HAL_Driver/Src/stm32f4xx_ll_usb.c.obj
                0x080029d8                USB_SetCurrentMode
 .text.USB_DevInit
                0x08002a70      0x2c8 CMakeFiles/STM32.dir/Drivers/STM32F4xx_HAL_Driver/Src/stm32f4xx_ll_usb.c.obj
                0x08002a70                USB_DevInit
 .text.USB_FlushTxFifo
                0x08002d38       0x64 CMakeFiles/STM32.dir/Drivers/STM32F4xx_HAL_Driver/Src/stm32f4xx_ll_usb.c.obj
                0x08002d38                USB_FlushTxFifo
 .text.USB_FlushRxFifo
                0x08002d9c       0x5c CMakeFiles/STM32.dir/Drivers/STM32F4xx_HAL_Driver/Src/stm32f4xx_ll_usb.c.obj
                0x08002d9c                USB_FlushRxFifo
 .text.USB_SetDevSpeed
                0x08002df8       0x32 CMakeFiles/STM32.dir/Drivers/STM32F4xx_HAL_Driver/Src/stm32f4xx_ll_usb.c.obj
                0x08002df8                USB_SetDevSpeed
 .text.USB_GetDevSpeed
                0x08002e2a       0x4a CMakeFiles/STM32.dir/Drivers/STM32F4xx_HAL_Driver/Src/stm32f4xx_ll_usb.c.obj
                0x08002e2a                USB_GetDevSpeed
 .text.USB_ActivateEndpoint
                0x08002e74      0x10e CMakeFiles/STM32.dir/Drivers/STM32F4xx_HAL_Driver/Src/stm32f4xx_ll_usb.c.obj
                0x08002e74                USB_ActivateEndpoint
 *fill*         0x08002f82        0x2 
 .text.USB_DeactivateEndpoint
                0x08002f84      0x1b8 CMakeFiles/STM32.dir/Drivers/STM32F4xx_HAL_Driver/Src/stm32f4xx_ll_usb.c.obj
                0x08002f84                USB_DeactivateEndpoint
 .text.USB_EPStartXfer
                0x0800313c      0x53c CMakeFiles/STM32.dir/Drivers/STM32F4xx_HAL_Driver/Src/stm32f4xx_ll_usb.c.obj
                0x0800313c                USB_EPStartXfer
 .text.USB_EPStopXfer
                0x08003678      0x154 CMakeFiles/STM32.dir/Drivers/STM32F4xx_HAL_Driver/Src/stm32f4xx_ll_usb.c.obj
                0x08003678                USB_EPStopXfer
 .text.USB_WritePacket
                0x080037cc       0x7c CMakeFiles/STM32.dir/Drivers/STM32F4xx_HAL_Driver/Src/stm32f4xx_ll_usb.c.obj
                0x080037cc                USB_WritePacket
 .text.USB_ReadPacket
                0x08003848       0xb0 CMakeFiles/STM32.dir/Drivers/STM32F4xx_HAL_Driver/Src/stm32f4xx_ll_usb.c.obj
                0x08003848                USB_ReadPacket
 .text.USB_EPSetStall
                0x080038f8       0xdc CMakeFiles/STM32.dir/Drivers/STM32F4xx_HAL_Driver/Src/stm32f4xx_ll_usb.c.obj
                0x080038f8                USB_EPSetStall
 .text.USB_EPClearStall
                0x080039d4       0xcc CMakeFiles/STM32.dir/Drivers/STM32F4xx_HAL_Driver/Src/stm32f4xx_ll_usb.c.obj
                0x080039d4                USB_EPClearStall
 .text.USB_SetDevAddress
                0x08003aa0       0x4c CMakeFiles/STM32.dir/Drivers/STM32F4xx_HAL_Driver/Src/stm32f4xx_ll_usb.c.obj
                0x08003aa0                USB_SetDevAddress
 .text.USB_DevConnect
                0x08003aec       0x42 CMakeFiles/STM32.dir/Drivers/STM32F4xx_HAL_Driver/Src/stm32f4xx_ll_usb.c.obj
                0x08003aec                USB_DevConnect
 .text.USB_DevDisconnect
                0x08003b2e       0x42 CMakeFiles/STM32.dir/Drivers/STM32F4xx_HAL_Driver/Src/stm32f4xx_ll_usb.c.obj
                0x08003b2e                USB_DevDisconnect
 .text.USB_ReadInterrupts
                0x08003b70       0x26 CMakeFiles/STM32.dir/Drivers/STM32F4xx_HAL_Driver/Src/stm32f4xx_ll_usb.c.obj
                0x08003b70                USB_ReadInterrupts
 .text.USB_ReadDevAllOutEpInterrupt
                0x08003b96       0x34 CMakeFiles/STM32.dir/Drivers/STM32F4xx_HAL_Driver/Src/stm32f4xx_ll_usb.c.obj
                0x08003b96                USB_ReadDevAllOutEpInterrupt
 .text.USB_ReadDevAllInEpInterrupt
                0x08003bca       0x34 CMakeFiles/STM32.dir/Drivers/STM32F4xx_HAL_Driver/Src/stm32f4xx_ll_usb.c.obj
                0x08003bca                USB_ReadDevAllInEpInterrupt
 .text.USB_ReadDevOutEPInterrupt
                0x08003bfe       0x3c CMakeFiles/STM32.dir/Drivers/STM32F4xx_HAL_Driver/Src/stm32f4xx_ll_usb.c.obj
                0x08003bfe                USB_ReadDevOutEPInterrupt
 .text.USB_ReadDevInEPInterrupt
                0x08003c3a       0x5c CMakeFiles/STM32.dir/Drivers/STM32F4xx_HAL_Driver/Src/stm32f4xx_ll_usb.c.obj
                0x08003c3a                USB_ReadDevInEPInterrupt
 .text.USB_GetMode
                0x08003c96       0x1c CMakeFiles/STM32.dir/Drivers/STM32F4xx_HAL_Driver/Src/stm32f4xx_ll_usb.c.obj
                0x08003c96                USB_GetMode
 .text.USB_ActivateSetup
                0x08003cb2       0x46 CMakeFiles/STM32.dir/Drivers/STM32F4xx_HAL_Driver/Src/stm32f4xx_ll_usb.c.obj
                0x08003cb2                USB_ActivateSetup
 .text.USB_EP0_OutStart
                0x08003cf8       0xbc CMakeFiles/STM32.dir/Drivers/STM32F4xx_HAL_Driver/Src/stm32f4xx_ll_usb.c.obj
                0x08003cf8                USB_EP0_OutStart
 .text.USB_CoreReset
                0x08003db4       0x62 CMakeFiles/STM32.dir/Drivers/STM32F4xx_HAL_Driver/Src/stm32f4xx_ll_usb.c.obj
 *fill*         0x08003e16        0x2 
 .text.HAL_RCC_OscConfig
                0x08003e18      0x4f0 CMakeFiles/STM32.dir/Drivers/STM32F4xx_HAL_Driver/Src/stm32f4xx_hal_rcc.c.obj
                0x08003e18                HAL_RCC_OscConfig
 .text.HAL_RCC_ClockConfig
                0x08004308      0x1cc CMakeFiles/STM32.dir/Drivers/STM32F4xx_HAL_Driver/Src/stm32f4xx_hal_rcc.c.obj
                0x08004308                HAL_RCC_ClockConfig
 .text.HAL_RCC_GetSysClockFreq
                0x080044d4      0x20c CMakeFiles/STM32.dir/Drivers/STM32F4xx_HAL_Driver/Src/stm32f4xx_hal_rcc.c.obj
                0x080044d4                HAL_RCC_GetSysClockFreq
 .text.HAL_RCC_GetHCLKFreq
                0x080046e0       0x18 CMakeFiles/STM32.dir/Drivers/STM32F4xx_HAL_Driver/Src/stm32f4xx_hal_rcc.c.obj
                0x080046e0                HAL_RCC_GetHCLKFreq
 .text.HAL_GPIO_Init
                0x080046f8      0x338 CMakeFiles/STM32.dir/Drivers/STM32F4xx_HAL_Driver/Src/stm32f4xx_hal_gpio.c.obj
                0x080046f8                HAL_GPIO_Init
 .text.HAL_GPIO_WritePin
                0x08004a30       0x32 CMakeFiles/STM32.dir/Drivers/STM32F4xx_HAL_Driver/Src/stm32f4xx_hal_gpio.c.obj
                0x08004a30                HAL_GPIO_WritePin
 .text.HAL_GPIO_TogglePin
                0x08004a62       0x34 CMakeFiles/STM32.dir/Drivers/STM32F4xx_HAL_Driver/Src/stm32f4xx_hal_gpio.c.obj
                0x08004a62                HAL_GPIO_TogglePin
 *fill*         0x08004a96        0x2 
 .text.__NVIC_SetPriorityGrouping
                0x08004a98       0x48 CMakeFiles/STM32.dir/Drivers/STM32F4xx_HAL_Driver/Src/stm32f4xx_hal_cortex.c.obj
 .text.__NVIC_GetPriorityGrouping
                0x08004ae0       0x1c CMakeFiles/STM32.dir/Drivers/STM32F4xx_HAL_Driver/Src/stm32f4xx_hal_cortex.c.obj
 .text.__NVIC_EnableIRQ
                0x08004afc       0x3c CMakeFiles/STM32.dir/Drivers/STM32F4xx_HAL_Driver/Src/stm32f4xx_hal_cortex.c.obj
 .text.__NVIC_SetPriority
                0x08004b38       0x54 CMakeFiles/STM32.dir/Drivers/STM32F4xx_HAL_Driver/Src/stm32f4xx_hal_cortex.c.obj
 .text.NVIC_EncodePriority
                0x08004b8c       0x66 CMakeFiles/STM32.dir/Drivers/STM32F4xx_HAL_Driver/Src/stm32f4xx_hal_cortex.c.obj
 *fill*         0x08004bf2        0x2 
 .text.SysTick_Config
                0x08004bf4       0x44 CMakeFiles/STM32.dir/Drivers/STM32F4xx_HAL_Driver/Src/stm32f4xx_hal_cortex.c.obj
 .text.HAL_NVIC_SetPriorityGrouping
                0x08004c38       0x16 CMakeFiles/STM32.dir/Drivers/STM32F4xx_HAL_Driver/Src/stm32f4xx_hal_cortex.c.obj
                0x08004c38                HAL_NVIC_SetPriorityGrouping
 .text.HAL_NVIC_SetPriority
                0x08004c4e       0x38 CMakeFiles/STM32.dir/Drivers/STM32F4xx_HAL_Driver/Src/stm32f4xx_hal_cortex.c.obj
                0x08004c4e                HAL_NVIC_SetPriority
 .text.HAL_NVIC_EnableIRQ
                0x08004c86       0x1c CMakeFiles/STM32.dir/Drivers/STM32F4xx_HAL_Driver/Src/stm32f4xx_hal_cortex.c.obj
                0x08004c86                HAL_NVIC_EnableIRQ
 .text.HAL_SYSTICK_Config
                0x08004ca2       0x18 CMakeFiles/STM32.dir/Drivers/STM32F4xx_HAL_Driver/Src/stm32f4xx_hal_cortex.c.obj
                0x08004ca2                HAL_SYSTICK_Config
 *fill*         0x08004cba        0x2 
 .text.HAL_Init
                0x08004cbc       0x44 CMakeFiles/STM32.dir/Drivers/STM32F4xx_HAL_Driver/Src/stm32f4xx_hal.c.obj
                0x08004cbc                HAL_Init
 .text.HAL_InitTick
                0x08004d00       0x60 CMakeFiles/STM32.dir/Drivers/STM32F4xx_HAL_Driver/Src/stm32f4xx_hal.c.obj
                0x08004d00                HAL_InitTick
 .text.HAL_IncTick
                0x08004d60       0x28 CMakeFiles/STM32.dir/Drivers/STM32F4xx_HAL_Driver/Src/stm32f4xx_hal.c.obj
                0x08004d60                HAL_IncTick
 .text.HAL_GetTick
                0x08004d88       0x18 CMakeFiles/STM32.dir/Drivers/STM32F4xx_HAL_Driver/Src/stm32f4xx_hal.c.obj
                0x08004d88                HAL_GetTick
 .text.HAL_Delay
                0x08004da0       0x48 CMakeFiles/STM32.dir/Drivers/STM32F4xx_HAL_Driver/Src/stm32f4xx_hal.c.obj
                0x08004da0                HAL_Delay
 .text.SystemInit
                0x08004de8       0x24 CMakeFiles/STM32.dir/Core/Src/system_stm32f4xx.c.obj
                0x08004de8                SystemInit
 .text.USBD_Init
                0x08004e0c       0x60 CMakeFiles/STM32.dir/Middlewares/ST/STM32_USB_Device_Library/Core/Src/usbd_core.c.obj
                0x08004e0c                USBD_Init
 .text.USBD_RegisterClass
                0x08004e6c       0x6c CMakeFiles/STM32.dir/Middlewares/ST/STM32_USB_Device_Library/Core/Src/usbd_core.c.obj
                0x08004e6c                USBD_RegisterClass
 .text.USBD_Start
                0x08004ed8       0x18 CMakeFiles/STM32.dir/Middlewares/ST/STM32_USB_Device_Library/Core/Src/usbd_core.c.obj
                0x08004ed8                USBD_Start
 .text.USBD_RunTestMode
                0x08004ef0       0x16 CMakeFiles/STM32.dir/Middlewares/ST/STM32_USB_Device_Library/Core/Src/usbd_core.c.obj
                0x08004ef0                USBD_RunTestMode
 .text.USBD_SetClassConfig
                0x08004f06       0x38 CMakeFiles/STM32.dir/Middlewares/ST/STM32_USB_Device_Library/Core/Src/usbd_core.c.obj
                0x08004f06                USBD_SetClassConfig
 .text.USBD_ClrClassConfig
                0x08004f3e       0x34 CMakeFiles/STM32.dir/Middlewares/ST/STM32_USB_Device_Library/Core/Src/usbd_core.c.obj
                0x08004f3e                USBD_ClrClassConfig
 .text.USBD_LL_SetupStage
                0x08004f72       0xaa CMakeFiles/STM32.dir/Middlewares/ST/STM32_USB_Device_Library/Core/Src/usbd_core.c.obj
                0x08004f72                USBD_LL_SetupStage
 .text.USBD_LL_DataOutStage
                0x0800501c      0x166 CMakeFiles/STM32.dir/Middlewares/ST/STM32_USB_Device_Library/Core/Src/usbd_core.c.obj
                0x0800501c                USBD_LL_DataOutStage
 .text.USBD_LL_DataInStage
                0x08005182      0x164 CMakeFiles/STM32.dir/Middlewares/ST/STM32_USB_Device_Library/Core/Src/usbd_core.c.obj
                0x08005182                USBD_LL_DataInStage
 .text.USBD_LL_Reset
                0x080052e6       0xa4 CMakeFiles/STM32.dir/Middlewares/ST/STM32_USB_Device_Library/Core/Src/usbd_core.c.obj
                0x080052e6                USBD_LL_Reset
 .text.USBD_LL_SetSpeed
                0x0800538a       0x20 CMakeFiles/STM32.dir/Middlewares/ST/STM32_USB_Device_Library/Core/Src/usbd_core.c.obj
                0x0800538a                USBD_LL_SetSpeed
 .text.USBD_LL_Suspend
                0x080053aa       0x38 CMakeFiles/STM32.dir/Middlewares/ST/STM32_USB_Device_Library/Core/Src/usbd_core.c.obj
                0x080053aa                USBD_LL_Suspend
 .text.USBD_LL_Resume
                0x080053e2       0x30 CMakeFiles/STM32.dir/Middlewares/ST/STM32_USB_Device_Library/Core/Src/usbd_core.c.obj
                0x080053e2                USBD_LL_Resume
 .text.USBD_LL_SOF
                0x08005412       0x40 CMakeFiles/STM32.dir/Middlewares/ST/STM32_USB_Device_Library/Core/Src/usbd_core.c.obj
                0x08005412                USBD_LL_SOF
 .text.USBD_LL_IsoINIncomplete
                0x08005452       0x64 CMakeFiles/STM32.dir/Middlewares/ST/STM32_USB_Device_Library/Core/Src/usbd_core.c.obj
                0x08005452                USBD_LL_IsoINIncomplete
 .text.USBD_LL_IsoOUTIncomplete
                0x080054b6       0x64 CMakeFiles/STM32.dir/Middlewares/ST/STM32_USB_Device_Library/Core/Src/usbd_core.c.obj
                0x080054b6                USBD_LL_IsoOUTIncomplete
 .text.USBD_LL_DevConnected
                0x0800551a       0x16 CMakeFiles/STM32.dir/Middlewares/ST/STM32_USB_Device_Library/Core/Src/usbd_core.c.obj
                0x0800551a                USBD_LL_DevConnected
 .text.USBD_LL_DevDisconnected
                0x08005530       0x46 CMakeFiles/STM32.dir/Middlewares/ST/STM32_USB_Device_Library/Core/Src/usbd_core.c.obj
                0x08005530                USBD_LL_DevDisconnected
 .text.USBD_CoreFindIF
                0x08005576       0x1a CMakeFiles/STM32.dir/Middlewares/ST/STM32_USB_Device_Library/Core/Src/usbd_core.c.obj
                0x08005576                USBD_CoreFindIF
 .text.USBD_CoreFindEP
                0x08005590       0x1a CMakeFiles/STM32.dir/Middlewares/ST/STM32_USB_Device_Library/Core/Src/usbd_core.c.obj
                0x08005590                USBD_CoreFindEP
 .text.USBD_GetEpDesc
                0x080055aa       0x70 CMakeFiles/STM32.dir/Middlewares/ST/STM32_USB_Device_Library/Core/Src/usbd_core.c.obj
                0x080055aa                USBD_GetEpDesc
 .text.USBD_GetNextDesc
                0x0800561a       0x38 CMakeFiles/STM32.dir/Middlewares/ST/STM32_USB_Device_Library/Core/Src/usbd_core.c.obj
                0x0800561a                USBD_GetNextDesc
 .text.SWAPBYTE
                0x08005652       0x3c CMakeFiles/STM32.dir/Middlewares/ST/STM32_USB_Device_Library/Core/Src/usbd_ctlreq.c.obj
 *fill*         0x0800568e        0x2 
 .text.USBD_StdDevReq
                0x08005690       0xe4 CMakeFiles/STM32.dir/Middlewares/ST/STM32_USB_Device_Library/Core/Src/usbd_ctlreq.c.obj
                0x08005690                USBD_StdDevReq
 .text.USBD_StdItfReq
                0x08005774       0xd8 CMakeFiles/STM32.dir/Middlewares/ST/STM32_USB_Device_Library/Core/Src/usbd_ctlreq.c.obj
                0x08005774                USBD_StdItfReq
 .text.USBD_StdEPReq
                0x0800584c      0x33a CMakeFiles/STM32.dir/Middlewares/ST/STM32_USB_Device_Library/Core/Src/usbd_ctlreq.c.obj
                0x0800584c                USBD_StdEPReq
 *fill*         0x08005b86        0x2 
 .text.USBD_GetDescriptor
                0x08005b88      0x2d4 CMakeFiles/STM32.dir/Middlewares/ST/STM32_USB_Device_Library/Core/Src/usbd_ctlreq.c.obj
 .text.USBD_SetAddress
                0x08005e5c       0x88 CMakeFiles/STM32.dir/Middlewares/ST/STM32_USB_Device_Library/Core/Src/usbd_ctlreq.c.obj
 .text.USBD_SetConfig
                0x08005ee4      0x154 CMakeFiles/STM32.dir/Middlewares/ST/STM32_USB_Device_Library/Core/Src/usbd_ctlreq.c.obj
 .text.USBD_GetConfig
                0x08006038       0x6c CMakeFiles/STM32.dir/Middlewares/ST/STM32_USB_Device_Library/Core/Src/usbd_ctlreq.c.obj
 .text.USBD_GetStatus
                0x080060a4       0x68 CMakeFiles/STM32.dir/Middlewares/ST/STM32_USB_Device_Library/Core/Src/usbd_ctlreq.c.obj
 .text.USBD_SetFeature
                0x0800610c       0x52 CMakeFiles/STM32.dir/Middlewares/ST/STM32_USB_Device_Library/Core/Src/usbd_ctlreq.c.obj
 .text.USBD_ClrFeature
                0x0800615e       0x44 CMakeFiles/STM32.dir/Middlewares/ST/STM32_USB_Device_Library/Core/Src/usbd_ctlreq.c.obj
 .text.USBD_ParseSetupRequest
                0x080061a2       0x74 CMakeFiles/STM32.dir/Middlewares/ST/STM32_USB_Device_Library/Core/Src/usbd_ctlreq.c.obj
                0x080061a2                USBD_ParseSetupRequest
 .text.USBD_CtlError
                0x08006216       0x22 CMakeFiles/STM32.dir/Middlewares/ST/STM32_USB_Device_Library/Core/Src/usbd_ctlreq.c.obj
                0x08006216                USBD_CtlError
 .text.USBD_GetString
                0x08006238       0xa4 CMakeFiles/STM32.dir/Middlewares/ST/STM32_USB_Device_Library/Core/Src/usbd_ctlreq.c.obj
                0x08006238                USBD_GetString
 .text.USBD_GetLen
                0x080062dc       0x34 CMakeFiles/STM32.dir/Middlewares/ST/STM32_USB_Device_Library/Core/Src/usbd_ctlreq.c.obj
 .text.USBD_CtlSendData
                0x08006310       0x36 CMakeFiles/STM32.dir/Middlewares/ST/STM32_USB_Device_Library/Core/Src/usbd_ioreq.c.obj
                0x08006310                USBD_CtlSendData
 .text.USBD_CtlContinueSendData
                0x08006346       0x22 CMakeFiles/STM32.dir/Middlewares/ST/STM32_USB_Device_Library/Core/Src/usbd_ioreq.c.obj
                0x08006346                USBD_CtlContinueSendData
 .text.USBD_CtlPrepareRx
                0x08006368       0x3a CMakeFiles/STM32.dir/Middlewares/ST/STM32_USB_Device_Library/Core/Src/usbd_ioreq.c.obj
                0x08006368                USBD_CtlPrepareRx
 .text.USBD_CtlContinueRx
                0x080063a2       0x22 CMakeFiles/STM32.dir/Middlewares/ST/STM32_USB_Device_Library/Core/Src/usbd_ioreq.c.obj
                0x080063a2                USBD_CtlContinueRx
 .text.USBD_CtlSendStatus
                0x080063c4       0x26 CMakeFiles/STM32.dir/Middlewares/ST/STM32_USB_Device_Library/Core/Src/usbd_ioreq.c.obj
                0x080063c4                USBD_CtlSendStatus
 .text.USBD_CtlReceiveStatus
                0x080063ea       0x26 CMakeFiles/STM32.dir/Middlewares/ST/STM32_USB_Device_Library/Core/Src/usbd_ioreq.c.obj
                0x080063ea                USBD_CtlReceiveStatus
 .text.USBD_CDC_Init
                0x08006410      0x1f0 CMakeFiles/STM32.dir/Middlewares/ST/STM32_USB_Device_Library/Class/CDC/Src/usbd_cdc.c.obj
 .text.USBD_CDC_DeInit
                0x08006600      0x104 CMakeFiles/STM32.dir/Middlewares/ST/STM32_USB_Device_Library/Class/CDC/Src/usbd_cdc.c.obj
 .text.USBD_CDC_Setup
                0x08006704      0x1b8 CMakeFiles/STM32.dir/Middlewares/ST/STM32_USB_Device_Library/Class/CDC/Src/usbd_cdc.c.obj
 .text.USBD_CDC_DataIn
                0x080068bc       0xfe CMakeFiles/STM32.dir/Middlewares/ST/STM32_USB_Device_Library/Class/CDC/Src/usbd_cdc.c.obj
 .text.USBD_CDC_DataOut
                0x080069ba       0x70 CMakeFiles/STM32.dir/Middlewares/ST/STM32_USB_Device_Library/Class/CDC/Src/usbd_cdc.c.obj
 .text.USBD_CDC_EP0_RxReady
                0x08006a2a       0x74 CMakeFiles/STM32.dir/Middlewares/ST/STM32_USB_Device_Library/Class/CDC/Src/usbd_cdc.c.obj
 *fill*         0x08006a9e        0x2 
 .text.USBD_CDC_GetFSCfgDesc
                0x08006aa0       0x70 CMakeFiles/STM32.dir/Middlewares/ST/STM32_USB_Device_Library/Class/CDC/Src/usbd_cdc.c.obj
 .text.USBD_CDC_GetHSCfgDesc
                0x08006b10       0x70 CMakeFiles/STM32.dir/Middlewares/ST/STM32_USB_Device_Library/Class/CDC/Src/usbd_cdc.c.obj
 .text.USBD_CDC_GetOtherSpeedCfgDesc
                0x08006b80       0x70 CMakeFiles/STM32.dir/Middlewares/ST/STM32_USB_Device_Library/Class/CDC/Src/usbd_cdc.c.obj
 .text.USBD_CDC_GetDeviceQualifierDescriptor
                0x08006bf0       0x20 CMakeFiles/STM32.dir/Middlewares/ST/STM32_USB_Device_Library/Class/CDC/Src/usbd_cdc.c.obj
                0x08006bf0                USBD_CDC_GetDeviceQualifierDescriptor
 .text.USBD_CDC_RegisterInterface
                0x08006c10       0x34 CMakeFiles/STM32.dir/Middlewares/ST/STM32_USB_Device_Library/Class/CDC/Src/usbd_cdc.c.obj
                0x08006c10                USBD_CDC_RegisterInterface
 .text.USBD_CDC_SetTxBuffer
                0x08006c44       0x44 CMakeFiles/STM32.dir/Middlewares/ST/STM32_USB_Device_Library/Class/CDC/Src/usbd_cdc.c.obj
                0x08006c44                USBD_CDC_SetTxBuffer
 .text.USBD_CDC_SetRxBuffer
                0x08006c88       0x3a CMakeFiles/STM32.dir/Middlewares/ST/STM32_USB_Device_Library/Class/CDC/Src/usbd_cdc.c.obj
                0x08006c88                USBD_CDC_SetRxBuffer
 *fill*         0x08006cc2        0x2 
 .text.USBD_CDC_ReceivePacket
                0x08006cc4       0x6c CMakeFiles/STM32.dir/Middlewares/ST/STM32_USB_Device_Library/Class/CDC/Src/usbd_cdc.c.obj
                0x08006cc4                USBD_CDC_ReceivePacket
 .text.Reset_Handler
                0x08006d30       0x50 CMakeFiles/STM32.dir/startup_stm32f407xx.s.obj
                0x08006d30                Reset_Handler
 .text.Default_Handler
                0x08006d80        0x2 CMakeFiles/STM32.dir/startup_stm32f407xx.s.obj
                0x08006d80                RTC_Alarm_IRQHandler
                0x08006d80                HASH_RNG_IRQHandler
                0x08006d80                EXTI2_IRQHandler
                0x08006d80                TIM8_CC_IRQHandler
                0x08006d80                TIM1_CC_IRQHandler
                0x08006d80                DMA2_Stream5_IRQHandler
                0x08006d80                DMA1_Stream5_IRQHandler
                0x08006d80                PVD_IRQHandler
                0x08006d80                SDIO_IRQHandler
                0x08006d80                TAMP_STAMP_IRQHandler
                0x08006d80                CAN2_RX1_IRQHandler
                0x08006d80                EXTI3_IRQHandler
                0x08006d80                TIM8_TRG_COM_TIM14_IRQHandler
                0x08006d80                TIM1_UP_TIM10_IRQHandler
                0x08006d80                TIM8_UP_TIM13_IRQHandler
                0x08006d80                I2C3_ER_IRQHandler
                0x08006d80                EXTI0_IRQHandler
                0x08006d80                I2C2_EV_IRQHandler
                0x08006d80                DMA1_Stream2_IRQHandler
                0x08006d80                CAN1_RX0_IRQHandler
                0x08006d80                FPU_IRQHandler
                0x08006d80                OTG_HS_WKUP_IRQHandler
                0x08006d80                CAN2_SCE_IRQHandler
                0x08006d80                DMA2_Stream2_IRQHandler
                0x08006d80                SPI1_IRQHandler
                0x08006d80                TIM6_DAC_IRQHandler
                0x08006d80                TIM1_BRK_TIM9_IRQHandler
                0x08006d80                DCMI_IRQHandler
                0x08006d80                CAN2_RX0_IRQHandler
                0x08006d80                DMA2_Stream3_IRQHandler
                0x08006d80                USART6_IRQHandler
                0x08006d80                USART3_IRQHandler
                0x08006d80                CAN1_RX1_IRQHandler
                0x08006d80                UART5_IRQHandler
                0x08006d80                DMA2_Stream0_IRQHandler
                0x08006d80                TIM4_IRQHandler
                0x08006d80                I2C1_EV_IRQHandler
                0x08006d80                DMA1_Stream6_IRQHandler
                0x08006d80                DMA1_Stream1_IRQHandler
                0x08006d80                UART4_IRQHandler
                0x08006d80                TIM3_IRQHandler
                0x08006d80                RCC_IRQHandler
                0x08006d80                TIM8_BRK_TIM12_IRQHandler
                0x08006d80                Default_Handler
                0x08006d80                EXTI15_10_IRQHandler
                0x08006d80                ADC_IRQHandler
                0x08006d80                DMA1_Stream7_IRQHandler
                0x08006d80                TIM7_IRQHandler
                0x08006d80                CAN2_TX_IRQHandler
                0x08006d80                TIM5_IRQHandler
                0x08006d80                DMA2_Stream7_IRQHandler
                0x08006d80                I2C3_EV_IRQHandler
                0x08006d80                EXTI9_5_IRQHandler
                0x08006d80                RTC_WKUP_IRQHandler
                0x08006d80                ETH_WKUP_IRQHandler
                0x08006d80                SPI2_IRQHandler
                0x08006d80                OTG_HS_EP1_IN_IRQHandler
                0x08006d80                DMA1_Stream0_IRQHandler
                0x08006d80                CAN1_TX_IRQHandler
                0x08006d80                EXTI4_IRQHandler
                0x08006d80                FSMC_IRQHandler
                0x08006d80                ETH_IRQHandler
                0x08006d80                OTG_HS_EP1_OUT_IRQHandler
                0x08006d80                WWDG_IRQHandler
                0x08006d80                TIM2_IRQHandler
                0x08006d80                OTG_FS_WKUP_IRQHandler
                0x08006d80                TIM1_TRG_COM_TIM11_IRQHandler
                0x08006d80                OTG_HS_IRQHandler
                0x08006d80                EXTI1_IRQHandler
                0x08006d80                USART2_IRQHandler
                0x08006d80                I2C2_ER_IRQHandler
                0x08006d80                DMA2_Stream1_IRQHandler
                0x08006d80                CAN1_SCE_IRQHandler
                0x08006d80                FLASH_IRQHandler
                0x08006d80                DMA2_Stream4_IRQHandler
                0x08006d80                USART1_IRQHandler
                0x08006d80                SPI3_IRQHandler
                0x08006d80                DMA1_Stream4_IRQHandler
                0x08006d80                I2C1_ER_IRQHandler
                0x08006d80                DMA2_Stream6_IRQHandler
                0x08006d80                DMA1_Stream3_IRQHandler
 .text.memcmp   0x08006d82       0x20 /opt/st/stm32cubeclt_1.16.0/GNU-tools-for-STM32/bin/../lib/gcc/arm-none-eabi/12.3.1/../../../../arm-none-eabi/lib/thumb/v7e-m+fp/hard/libg_nano.a(libc_a-memcmp.o)
                0x08006d82                memcmp
 .text.memcpy   0x08006da2       0x1c /opt/st/stm32cubeclt_1.16.0/GNU-tools-for-STM32/bin/../lib/gcc/arm-none-eabi/12.3.1/../../../../arm-none-eabi/lib/thumb/v7e-m+fp/hard/libg_nano.a(libc_a-memcpy-stub.o)
                0x08006da2                memcpy
 *(.glue_7)
 .glue_7        0x08006dbe        0x0 linker stubs
 *(.glue_7t)
 .glue_7t       0x08006dbe        0x0 linker stubs
 *(.eh_frame)
 *fill*         0x08006dbe        0x2 
 .eh_frame      0x08006dc0        0x0 /opt/st/stm32cubeclt_1.16.0/GNU-tools-for-STM32/bin/../lib/gcc/arm-none-eabi/12.3.1/thumb/v7e-m+fp/hard/crtbegin.o
 *(.init)
 .init          0x08006dc0        0x4 /opt/st/stm32cubeclt_1.16.0/GNU-tools-for-STM32/bin/../lib/gcc/arm-none-eabi/12.3.1/thumb/v7e-m+fp/hard/crti.o
                0x08006dc0                _init
 .init          0x08006dc4        0x8 /opt/st/stm32cubeclt_1.16.0/GNU-tools-for-STM32/bin/../lib/gcc/arm-none-eabi/12.3.1/thumb/v7e-m+fp/hard/crtn.o
 *(.fini)
 .fini          0x08006dcc        0x4 /opt/st/stm32cubeclt_1.16.0/GNU-tools-for-STM32/bin/../lib/gcc/arm-none-eabi/12.3.1/thumb/v7e-m+fp/hard/crti.o
                0x08006dcc                _fini
 .fini          0x08006dd0        0x8 /opt/st/stm32cubeclt_1.16.0/GNU-tools-for-STM32/bin/../lib/gcc/arm-none-eabi/12.3.1/thumb/v7e-m+fp/hard/crtn.o
                0x08006dd8                        . = ALIGN (0x4)
                0x08006dd8                        _etext = .

.vfp11_veneer   0x08006dd8        0x0
 .vfp11_veneer  0x08006dd8        0x0 linker stubs

.v4_bx          0x08006dd8        0x0
 .v4_bx         0x08006dd8        0x0 linker stubs

.iplt           0x08006dd8        0x0
 .iplt          0x08006dd8        0x0 /opt/st/stm32cubeclt_1.16.0/GNU-tools-for-STM32/bin/../lib/gcc/arm-none-eabi/12.3.1/thumb/v7e-m+fp/hard/crtbegin.o

.rodata         0x08006dd8       0x64
                0x08006dd8                        . = ALIGN (0x4)
 *(.rodata)
 .rodata        0x08006dd8       0x46 CMakeFiles/STM32.dir/USB_DEVICE/App/usbd_desc.c.obj
 *fill*         0x08006e1e        0x2 
 .rodata        0x08006e20        0xa CMakeFiles/STM32.dir/USB_DEVICE/App/usbd_cdc_if.c.obj
 *(.rodata*)
 *fill*         0x08006e2a        0x2 
 .rodata.AHBPrescTable
                0x08006e2c       0x10 CMakeFiles/STM32.dir/Core/Src/system_stm32f4xx.c.obj
                0x08006e2c                AHBPrescTable
                0x08006e3c                        . = ALIGN (0x4)

.ARM.extab
 *(.ARM.extab* .gnu.linkonce.armextab.*)

.ARM            0x08006e3c        0x8
                0x08006e3c                        __exidx_start = .
 *(.ARM.exidx*)
 .ARM.exidx     0x08006e3c        0x8 /opt/st/stm32cubeclt_1.16.0/GNU-tools-for-STM32/bin/../lib/gcc/arm-none-eabi/12.3.1/thumb/v7e-m+fp/hard/libgcc.a(_udivmoddi4.o)
                0x08006e44                        __exidx_end = .

.rel.dyn        0x08006e44        0x0
 .rel.iplt      0x08006e44        0x0 /opt/st/stm32cubeclt_1.16.0/GNU-tools-for-STM32/bin/../lib/gcc/arm-none-eabi/12.3.1/thumb/v7e-m+fp/hard/crtbegin.o

.preinit_array  0x08006e44        0x0
                0x08006e44                        PROVIDE (__preinit_array_start = .)
 *(.preinit_array*)
                0x08006e44                        PROVIDE (__preinit_array_end = .)

.init_array     0x08006e44        0x4
                0x08006e44                        PROVIDE (__init_array_start = .)
 *(SORT_BY_NAME(.init_array.*))
 *(.init_array*)
 .init_array    0x08006e44        0x4 /opt/st/stm32cubeclt_1.16.0/GNU-tools-for-STM32/bin/../lib/gcc/arm-none-eabi/12.3.1/thumb/v7e-m+fp/hard/crtbegin.o
                0x08006e48                        PROVIDE (__init_array_end = .)

.fini_array     0x08006e48        0x4
                [!provide]                        PROVIDE (__fini_array_start = .)
 *(SORT_BY_NAME(.fini_array.*))
 *(.fini_array*)
 .fini_array    0x08006e48        0x4 /opt/st/stm32cubeclt_1.16.0/GNU-tools-for-STM32/bin/../lib/gcc/arm-none-eabi/12.3.1/thumb/v7e-m+fp/hard/crtbegin.o
                [!provide]                        PROVIDE (__fini_array_end = .)
                0x08006e4c                        _sidata = LOADADDR (.data)

.data           0x20000000       0xfc load address 0x08006e4c
                0x20000000                        . = ALIGN (0x4)
                0x20000000                        _sdata = .
 *(.data)
 *(.data*)
 .data.FS_Desc  0x20000000       0x1c CMakeFiles/STM32.dir/USB_DEVICE/App/usbd_desc.c.obj
                0x20000000                FS_Desc
 .data.USBD_FS_DeviceDesc
                0x2000001c       0x12 CMakeFiles/STM32.dir/USB_DEVICE/App/usbd_desc.c.obj
                0x2000001c                USBD_FS_DeviceDesc
 *fill*         0x2000002e        0x2 
 .data.USBD_LangIDDesc
                0x20000030        0x4 CMakeFiles/STM32.dir/USB_DEVICE/App/usbd_desc.c.obj
                0x20000030                USBD_LangIDDesc
 .data.USBD_StringSerial
                0x20000034       0x1a CMakeFiles/STM32.dir/USB_DEVICE/App/usbd_desc.c.obj
                0x20000034                USBD_StringSerial
 *fill*         0x2000004e        0x2 
 .data.USBD_Interface_fops_FS
                0x20000050       0x14 CMakeFiles/STM32.dir/USB_DEVICE/App/usbd_cdc_if.c.obj
                0x20000050                USBD_Interface_fops_FS
 .data.uwTickPrio
                0x20000064        0x4 CMakeFiles/STM32.dir/Drivers/STM32F4xx_HAL_Driver/Src/stm32f4xx_hal.c.obj
                0x20000064                uwTickPrio
 .data.uwTickFreq
                0x20000068        0x1 CMakeFiles/STM32.dir/Drivers/STM32F4xx_HAL_Driver/Src/stm32f4xx_hal.c.obj
                0x20000068                uwTickFreq
 *fill*         0x20000069        0x3 
 .data.SystemCoreClock
                0x2000006c        0x4 CMakeFiles/STM32.dir/Core/Src/system_stm32f4xx.c.obj
                0x2000006c                SystemCoreClock
 .data.USBD_CDC_DeviceQualifierDesc
                0x20000070        0xa CMakeFiles/STM32.dir/Middlewares/ST/STM32_USB_Device_Library/Class/CDC/Src/usbd_cdc.c.obj
 *fill*         0x2000007a        0x2 
 .data.USBD_CDC
                0x2000007c       0x38 CMakeFiles/STM32.dir/Middlewares/ST/STM32_USB_Device_Library/Class/CDC/Src/usbd_cdc.c.obj
                0x2000007c                USBD_CDC
 .data.USBD_CDC_CfgDesc
                0x200000b4       0x43 CMakeFiles/STM32.dir/Middlewares/ST/STM32_USB_Device_Library/Class/CDC/Src/usbd_cdc.c.obj
 .data.CDCInEpAdd
                0x200000f7        0x1 CMakeFiles/STM32.dir/Middlewares/ST/STM32_USB_Device_Library/Class/CDC/Src/usbd_cdc.c.obj
 .data.CDCOutEpAdd
                0x200000f8        0x1 CMakeFiles/STM32.dir/Middlewares/ST/STM32_USB_Device_Library/Class/CDC/Src/usbd_cdc.c.obj
 .data.CDCCmdEpAdd
                0x200000f9        0x1 CMakeFiles/STM32.dir/Middlewares/ST/STM32_USB_Device_Library/Class/CDC/Src/usbd_cdc.c.obj
                0x200000fc                        . = ALIGN (0x4)
 *fill*         0x200000fa        0x2 
                0x200000fc                        _edata = .
                0x08006f48                        _siccmram = LOADADDR (.ccmram)

.igot.plt       0x200000fc        0x0 load address 0x08006f48
 .igot.plt      0x200000fc        0x0 /opt/st/stm32cubeclt_1.16.0/GNU-tools-for-STM32/bin/../lib/gcc/arm-none-eabi/12.3.1/thumb/v7e-m+fp/hard/crtbegin.o

.ccmram         0x10000000        0x0 load address 0x08006f48
                0x10000000                        . = ALIGN (0x4)
                0x10000000                        _sccmram = .
 *(.ccmram)
 *(.ccmram*)
                0x10000000                        . = ALIGN (0x4)
                0x10000000                        _eccmram = .
                0x10000000                        . = ALIGN (0x4)

.bss            0x200000fc     0x1c2c
                0x200000fc                        _sbss = .
                0x200000fc                        __bss_start__ = _sbss
 *(.bss)
 .bss           0x200000fc       0x1c /opt/st/stm32cubeclt_1.16.0/GNU-tools-for-STM32/bin/../lib/gcc/arm-none-eabi/12.3.1/thumb/v7e-m+fp/hard/crtbegin.o
 *(.bss*)
 .bss.hUsbDeviceFS
                0x20000118      0x2dc CMakeFiles/STM32.dir/USB_DEVICE/App/usb_device.c.obj
                0x20000118                hUsbDeviceFS
 .bss.USBD_StrDesc
                0x200003f4      0x200 CMakeFiles/STM32.dir/USB_DEVICE/App/usbd_desc.c.obj
                0x200003f4                USBD_StrDesc
 .bss.UserRxBufferFS
                0x200005f4      0x800 CMakeFiles/STM32.dir/USB_DEVICE/App/usbd_cdc_if.c.obj
                0x200005f4                UserRxBufferFS
 .bss.UserTxBufferFS
                0x20000df4      0x800 CMakeFiles/STM32.dir/USB_DEVICE/App/usbd_cdc_if.c.obj
                0x20000df4                UserTxBufferFS
 .bss.finish_flag
                0x200015f4        0x1 CMakeFiles/STM32.dir/USB_DEVICE/App/usbd_cdc_if.c.obj
                0x200015f4                finish_flag
 *fill*         0x200015f5        0x3 
 .bss.led       0x200015f8       0x20 CMakeFiles/STM32.dir/USB_DEVICE/App/usbd_cdc_if.c.obj
                0x200015f8                led
 .bss.i         0x20001618        0x4 CMakeFiles/STM32.dir/USB_DEVICE/App/usbd_cdc_if.c.obj
                0x20001618                i
 .bss.hpcd_USB_OTG_FS
                0x2000161c      0x4e4 CMakeFiles/STM32.dir/USB_DEVICE/Target/usbd_conf.c.obj
                0x2000161c                hpcd_USB_OTG_FS
 .bss.mem.0     0x20001b00      0x220 CMakeFiles/STM32.dir/USB_DEVICE/Target/usbd_conf.c.obj
 .bss.uwTick    0x20001d20        0x4 CMakeFiles/STM32.dir/Drivers/STM32F4xx_HAL_Driver/Src/stm32f4xx_hal.c.obj
                0x20001d20                uwTick
 .bss.cfgidx.0  0x20001d24        0x1 CMakeFiles/STM32.dir/Middlewares/ST/STM32_USB_Device_Library/Core/Src/usbd_ctlreq.c.obj
 *(COMMON)
                0x20001d28                        . = ALIGN (0x4)
 *fill*         0x20001d25        0x3 
                0x20001d28                        _ebss = .
                0x20001d28                        __bss_end__ = _ebss

._user_heap_stack
                0x20001d28      0x600
                0x20001d28                        . = ALIGN (0x8)
                [!provide]                        PROVIDE (end = .)
                0x20001d28                        PROVIDE (_end = .)
                0x20001f28                        . = (. + _Min_Heap_Size)
 *fill*         0x20001d28      0x200 
                0x20002328                        . = (. + _Min_Stack_Size)
 *fill*         0x20001f28      0x400 
                0x20002328                        . = ALIGN (0x8)

/DISCARD/
 libc.a(*)
 libm.a(*)
 libgcc.a(*)
OUTPUT(STM32.elf elf32-littlearm)
LOAD linker stubs
LOAD /opt/st/stm32cubeclt_1.16.0/GNU-tools-for-STM32/bin/../lib/gcc/arm-none-eabi/12.3.1/../../../../arm-none-eabi/lib/thumb/v7e-m+fp/hard/libc.a
LOAD /opt/st/stm32cubeclt_1.16.0/GNU-tools-for-STM32/bin/../lib/gcc/arm-none-eabi/12.3.1/../../../../arm-none-eabi/lib/thumb/v7e-m+fp/hard/libm.a
LOAD /opt/st/stm32cubeclt_1.16.0/GNU-tools-for-STM32/bin/../lib/gcc/arm-none-eabi/12.3.1/thumb/v7e-m+fp/hard/libgcc.a

.ARM.attributes
                0x00000000       0x30
 .ARM.attributes
                0x00000000       0x22 /opt/st/stm32cubeclt_1.16.0/GNU-tools-for-STM32/bin/../lib/gcc/arm-none-eabi/12.3.1/thumb/v7e-m+fp/hard/crti.o
 .ARM.attributes
                0x00000022       0x34 /opt/st/stm32cubeclt_1.16.0/GNU-tools-for-STM32/bin/../lib/gcc/arm-none-eabi/12.3.1/thumb/v7e-m+fp/hard/crtbegin.o
 .ARM.attributes
                0x00000056       0x34 /opt/st/stm32cubeclt_1.16.0/GNU-tools-for-STM32/bin/../lib/gcc/arm-none-eabi/12.3.1/../../../../arm-none-eabi/lib/thumb/v7e-m+fp/hard/libc_nano.a(libc_a-memset.o)
 .ARM.attributes
                0x0000008a       0x34 /opt/st/stm32cubeclt_1.16.0/GNU-tools-for-STM32/bin/../lib/gcc/arm-none-eabi/12.3.1/../../../../arm-none-eabi/lib/thumb/v7e-m+fp/hard/libc_nano.a(libc_a-init.o)
 .ARM.attributes
                0x000000be       0x34 CMakeFiles/STM32.dir/Core/Src/main.c.obj
 .ARM.attributes
                0x000000f2       0x34 CMakeFiles/STM32.dir/Core/Src/stm32f4xx_it.c.obj
 .ARM.attributes
                0x00000126       0x34 CMakeFiles/STM32.dir/Core/Src/stm32f4xx_hal_msp.c.obj
 .ARM.attributes
                0x0000015a       0x34 CMakeFiles/STM32.dir/USB_DEVICE/App/usb_device.c.obj
 .ARM.attributes
                0x0000018e       0x34 CMakeFiles/STM32.dir/USB_DEVICE/App/usbd_desc.c.obj
 .ARM.attributes
                0x000001c2       0x34 CMakeFiles/STM32.dir/USB_DEVICE/App/usbd_cdc_if.c.obj
 .ARM.attributes
                0x000001f6       0x34 CMakeFiles/STM32.dir/USB_DEVICE/Target/usbd_conf.c.obj
 .ARM.attributes
                0x0000022a       0x34 CMakeFiles/STM32.dir/Drivers/STM32F4xx_HAL_Driver/Src/stm32f4xx_hal_pcd.c.obj
 .ARM.attributes
                0x0000025e       0x34 CMakeFiles/STM32.dir/Drivers/STM32F4xx_HAL_Driver/Src/stm32f4xx_hal_pcd_ex.c.obj
 .ARM.attributes
                0x00000292       0x34 CMakeFiles/STM32.dir/Drivers/STM32F4xx_HAL_Driver/Src/stm32f4xx_ll_usb.c.obj
 .ARM.attributes
                0x000002c6       0x34 CMakeFiles/STM32.dir/Drivers/STM32F4xx_HAL_Driver/Src/stm32f4xx_hal_rcc.c.obj
 .ARM.attributes
                0x000002fa       0x34 CMakeFiles/STM32.dir/Drivers/STM32F4xx_HAL_Driver/Src/stm32f4xx_hal_gpio.c.obj
 .ARM.attributes
                0x0000032e       0x34 CMakeFiles/STM32.dir/Drivers/STM32F4xx_HAL_Driver/Src/stm32f4xx_hal_cortex.c.obj
 .ARM.attributes
                0x00000362       0x34 CMakeFiles/STM32.dir/Drivers/STM32F4xx_HAL_Driver/Src/stm32f4xx_hal.c.obj
 .ARM.attributes
                0x00000396       0x34 CMakeFiles/STM32.dir/Core/Src/system_stm32f4xx.c.obj
 .ARM.attributes
                0x000003ca       0x34 CMakeFiles/STM32.dir/Middlewares/ST/STM32_USB_Device_Library/Core/Src/usbd_core.c.obj
 .ARM.attributes
                0x000003fe       0x34 CMakeFiles/STM32.dir/Middlewares/ST/STM32_USB_Device_Library/Core/Src/usbd_ctlreq.c.obj
 .ARM.attributes
                0x00000432       0x34 CMakeFiles/STM32.dir/Middlewares/ST/STM32_USB_Device_Library/Core/Src/usbd_ioreq.c.obj
 .ARM.attributes
                0x00000466       0x34 CMakeFiles/STM32.dir/Middlewares/ST/STM32_USB_Device_Library/Class/CDC/Src/usbd_cdc.c.obj
 .ARM.attributes
                0x0000049a       0x21 CMakeFiles/STM32.dir/startup_stm32f407xx.s.obj
 .ARM.attributes
                0x000004bb       0x22 /opt/st/stm32cubeclt_1.16.0/GNU-tools-for-STM32/bin/../lib/gcc/arm-none-eabi/12.3.1/thumb/v7e-m+fp/hard/libgcc.a(_aeabi_uldivmod.o)
 .ARM.attributes
                0x000004dd       0x34 /opt/st/stm32cubeclt_1.16.0/GNU-tools-for-STM32/bin/../lib/gcc/arm-none-eabi/12.3.1/thumb/v7e-m+fp/hard/libgcc.a(_udivmoddi4.o)
 .ARM.attributes
                0x00000511       0x22 /opt/st/stm32cubeclt_1.16.0/GNU-tools-for-STM32/bin/../lib/gcc/arm-none-eabi/12.3.1/thumb/v7e-m+fp/hard/libgcc.a(_dvmd_tls.o)
 .ARM.attributes
                0x00000533       0x34 /opt/st/stm32cubeclt_1.16.0/GNU-tools-for-STM32/bin/../lib/gcc/arm-none-eabi/12.3.1/../../../../arm-none-eabi/lib/thumb/v7e-m+fp/hard/libg_nano.a(libc_a-memcmp.o)
 .ARM.attributes
                0x00000567       0x34 /opt/st/stm32cubeclt_1.16.0/GNU-tools-for-STM32/bin/../lib/gcc/arm-none-eabi/12.3.1/../../../../arm-none-eabi/lib/thumb/v7e-m+fp/hard/libg_nano.a(libc_a-memcpy-stub.o)
 .ARM.attributes
                0x0000059b       0x22 /opt/st/stm32cubeclt_1.16.0/GNU-tools-for-STM32/bin/../lib/gcc/arm-none-eabi/12.3.1/thumb/v7e-m+fp/hard/crtn.o

.comment        0x00000000       0x43
 .comment       0x00000000       0x43 CMakeFiles/STM32.dir/Core/Src/main.c.obj
                                 0x44 (size before relaxing)
 .comment       0x00000043       0x44 CMakeFiles/STM32.dir/Core/Src/stm32f4xx_it.c.obj
 .comment       0x00000043       0x44 CMakeFiles/STM32.dir/Core/Src/stm32f4xx_hal_msp.c.obj
 .comment       0x00000043       0x44 CMakeFiles/STM32.dir/USB_DEVICE/App/usb_device.c.obj
 .comment       0x00000043       0x44 CMakeFiles/STM32.dir/USB_DEVICE/App/usbd_desc.c.obj
 .comment       0x00000043       0x44 CMakeFiles/STM32.dir/USB_DEVICE/App/usbd_cdc_if.c.obj
 .comment       0x00000043       0x44 CMakeFiles/STM32.dir/USB_DEVICE/Target/usbd_conf.c.obj
 .comment       0x00000043       0x44 CMakeFiles/STM32.dir/Drivers/STM32F4xx_HAL_Driver/Src/stm32f4xx_hal_pcd.c.obj
 .comment       0x00000043       0x44 CMakeFiles/STM32.dir/Drivers/STM32F4xx_HAL_Driver/Src/stm32f4xx_hal_pcd_ex.c.obj
 .comment       0x00000043       0x44 CMakeFiles/STM32.dir/Drivers/STM32F4xx_HAL_Driver/Src/stm32f4xx_ll_usb.c.obj
 .comment       0x00000043       0x44 CMakeFiles/STM32.dir/Drivers/STM32F4xx_HAL_Driver/Src/stm32f4xx_hal_rcc.c.obj
 .comment       0x00000043       0x44 CMakeFiles/STM32.dir/Drivers/STM32F4xx_HAL_Driver/Src/stm32f4xx_hal_gpio.c.obj
 .comment       0x00000043       0x44 CMakeFiles/STM32.dir/Drivers/STM32F4xx_HAL_Driver/Src/stm32f4xx_hal_cortex.c.obj
 .comment       0x00000043       0x44 CMakeFiles/STM32.dir/Drivers/STM32F4xx_HAL_Driver/Src/stm32f4xx_hal.c.obj
 .comment       0x00000043       0x44 CMakeFiles/STM32.dir/Core/Src/system_stm32f4xx.c.obj
 .comment       0x00000043       0x44 CMakeFiles/STM32.dir/Middlewares/ST/STM32_USB_Device_Library/Core/Src/usbd_core.c.obj
 .comment       0x00000043       0x44 CMakeFiles/STM32.dir/Middlewares/ST/STM32_USB_Device_Library/Core/Src/usbd_ctlreq.c.obj
 .comment       0x00000043       0x44 CMakeFiles/STM32.dir/Middlewares/ST/STM32_USB_Device_Library/Core/Src/usbd_ioreq.c.obj
 .comment       0x00000043       0x44 CMakeFiles/STM32.dir/Middlewares/ST/STM32_USB_Device_Library/Class/CDC/Src/usbd_cdc.c.obj
 .comment       0x00000043       0x44 /opt/st/stm32cubeclt_1.16.0/GNU-tools-for-STM32/bin/../lib/gcc/arm-none-eabi/12.3.1/../../../../arm-none-eabi/lib/thumb/v7e-m+fp/hard/libg_nano.a(libc_a-memcmp.o)
 .comment       0x00000043       0x44 /opt/st/stm32cubeclt_1.16.0/GNU-tools-for-STM32/bin/../lib/gcc/arm-none-eabi/12.3.1/../../../../arm-none-eabi/lib/thumb/v7e-m+fp/hard/libg_nano.a(libc_a-memcpy-stub.o)

.debug_frame    0x00000000     0x2d58
 .debug_frame   0x00000000       0x20 /opt/st/stm32cubeclt_1.16.0/GNU-tools-for-STM32/bin/../lib/gcc/arm-none-eabi/12.3.1/../../../../arm-none-eabi/lib/thumb/v7e-m+fp/hard/libc_nano.a(libc_a-memset.o)
 .debug_frame   0x00000020       0x2c /opt/st/stm32cubeclt_1.16.0/GNU-tools-for-STM32/bin/../lib/gcc/arm-none-eabi/12.3.1/../../../../arm-none-eabi/lib/thumb/v7e-m+fp/hard/libc_nano.a(libc_a-init.o)
 .debug_frame   0x0000004c       0xb4 CMakeFiles/STM32.dir/Core/Src/main.c.obj
 .debug_frame   0x00000100      0x120 CMakeFiles/STM32.dir/Core/Src/stm32f4xx_it.c.obj
 .debug_frame   0x00000220       0x34 CMakeFiles/STM32.dir/Core/Src/stm32f4xx_hal_msp.c.obj
 .debug_frame   0x00000254       0x2c CMakeFiles/STM32.dir/USB_DEVICE/App/usb_device.c.obj
 .debug_frame   0x00000280      0x160 CMakeFiles/STM32.dir/USB_DEVICE/App/usbd_desc.c.obj
 .debug_frame   0x000003e0       0xfc CMakeFiles/STM32.dir/USB_DEVICE/App/usbd_cdc_if.c.obj
 .debug_frame   0x000004dc      0x47c CMakeFiles/STM32.dir/USB_DEVICE/Target/usbd_conf.c.obj
 .debug_frame   0x00000958      0x5b8 CMakeFiles/STM32.dir/Drivers/STM32F4xx_HAL_Driver/Src/stm32f4xx_hal_pcd.c.obj
 .debug_frame   0x00000f10       0xb0 CMakeFiles/STM32.dir/Drivers/STM32F4xx_HAL_Driver/Src/stm32f4xx_hal_pcd_ex.c.obj
 .debug_frame   0x00000fc0      0x7c0 CMakeFiles/STM32.dir/Drivers/STM32F4xx_HAL_Driver/Src/stm32f4xx_ll_usb.c.obj
 .debug_frame   0x00001780      0x1f4 CMakeFiles/STM32.dir/Drivers/STM32F4xx_HAL_Driver/Src/stm32f4xx_hal_rcc.c.obj
 .debug_frame   0x00001974      0x14c CMakeFiles/STM32.dir/Drivers/STM32F4xx_HAL_Driver/Src/stm32f4xx_hal_gpio.c.obj
 .debug_frame   0x00001ac0      0x508 CMakeFiles/STM32.dir/Drivers/STM32F4xx_HAL_Driver/Src/stm32f4xx_hal_cortex.c.obj
 .debug_frame   0x00001fc8      0x374 CMakeFiles/STM32.dir/Drivers/STM32F4xx_HAL_Driver/Src/stm32f4xx_hal.c.obj
 .debug_frame   0x0000233c       0x58 CMakeFiles/STM32.dir/Core/Src/system_stm32f4xx.c.obj
 .debug_frame   0x00002394      0x390 CMakeFiles/STM32.dir/Middlewares/ST/STM32_USB_Device_Library/Core/Src/usbd_core.c.obj
 .debug_frame   0x00002724      0x23c CMakeFiles/STM32.dir/Middlewares/ST/STM32_USB_Device_Library/Core/Src/usbd_ctlreq.c.obj
 .debug_frame   0x00002960      0x10c CMakeFiles/STM32.dir/Middlewares/ST/STM32_USB_Device_Library/Core/Src/usbd_ioreq.c.obj
 .debug_frame   0x00002a6c      0x23c CMakeFiles/STM32.dir/Middlewares/ST/STM32_USB_Device_Library/Class/CDC/Src/usbd_cdc.c.obj
 .debug_frame   0x00002ca8       0x2c /opt/st/stm32cubeclt_1.16.0/GNU-tools-for-STM32/bin/../lib/gcc/arm-none-eabi/12.3.1/thumb/v7e-m+fp/hard/libgcc.a(_aeabi_uldivmod.o)
 .debug_frame   0x00002cd4       0x34 /opt/st/stm32cubeclt_1.16.0/GNU-tools-for-STM32/bin/../lib/gcc/arm-none-eabi/12.3.1/thumb/v7e-m+fp/hard/libgcc.a(_udivmoddi4.o)
 .debug_frame   0x00002d08       0x28 /opt/st/stm32cubeclt_1.16.0/GNU-tools-for-STM32/bin/../lib/gcc/arm-none-eabi/12.3.1/../../../../arm-none-eabi/lib/thumb/v7e-m+fp/hard/libg_nano.a(libc_a-memcmp.o)
 .debug_frame   0x00002d30       0x28 /opt/st/stm32cubeclt_1.16.0/GNU-tools-for-STM32/bin/../lib/gcc/arm-none-eabi/12.3.1/../../../../arm-none-eabi/lib/thumb/v7e-m+fp/hard/libg_nano.a(libc_a-memcpy-stub.o)

.debug_info     0x00000000     0xda9c
 .debug_info    0x00000000      0x7a4 CMakeFiles/STM32.dir/Core/Src/main.c.obj
 .debug_info    0x000007a4      0x62e CMakeFiles/STM32.dir/Core/Src/stm32f4xx_it.c.obj
 .debug_info    0x00000dd2      0x283 CMakeFiles/STM32.dir/Core/Src/stm32f4xx_hal_msp.c.obj
 .debug_info    0x00001055      0x701 CMakeFiles/STM32.dir/USB_DEVICE/App/usb_device.c.obj
 .debug_info    0x00001756      0x458 CMakeFiles/STM32.dir/USB_DEVICE/App/usbd_desc.c.obj
 .debug_info    0x00001bae      0xc15 CMakeFiles/STM32.dir/USB_DEVICE/App/usbd_cdc_if.c.obj
 .debug_info    0x000027c3     0x1c69 CMakeFiles/STM32.dir/USB_DEVICE/Target/usbd_conf.c.obj
 .debug_info    0x0000442c     0x156f CMakeFiles/STM32.dir/Drivers/STM32F4xx_HAL_Driver/Src/stm32f4xx_hal_pcd.c.obj
 .debug_info    0x0000599b      0x6ea CMakeFiles/STM32.dir/Drivers/STM32F4xx_HAL_Driver/Src/stm32f4xx_hal_pcd_ex.c.obj
 .debug_info    0x00006085     0x1993 CMakeFiles/STM32.dir/Drivers/STM32F4xx_HAL_Driver/Src/stm32f4xx_ll_usb.c.obj
 .debug_info    0x00007a18      0x8af CMakeFiles/STM32.dir/Drivers/STM32F4xx_HAL_Driver/Src/stm32f4xx_hal_rcc.c.obj
 .debug_info    0x000082c7      0x6c3 CMakeFiles/STM32.dir/Drivers/STM32F4xx_HAL_Driver/Src/stm32f4xx_hal_gpio.c.obj
 .debug_info    0x0000898a      0xd8c CMakeFiles/STM32.dir/Drivers/STM32F4xx_HAL_Driver/Src/stm32f4xx_hal_cortex.c.obj
 .debug_info    0x00009716      0x944 CMakeFiles/STM32.dir/Drivers/STM32F4xx_HAL_Driver/Src/stm32f4xx_hal.c.obj
 .debug_info    0x0000a05a      0x512 CMakeFiles/STM32.dir/Core/Src/system_stm32f4xx.c.obj
 .debug_info    0x0000a56c      0xe05 CMakeFiles/STM32.dir/Middlewares/ST/STM32_USB_Device_Library/Core/Src/usbd_core.c.obj
 .debug_info    0x0000b371      0xade CMakeFiles/STM32.dir/Middlewares/ST/STM32_USB_Device_Library/Core/Src/usbd_ctlreq.c.obj
 .debug_info    0x0000be4f      0x755 CMakeFiles/STM32.dir/Middlewares/ST/STM32_USB_Device_Library/Core/Src/usbd_ioreq.c.obj
 .debug_info    0x0000c5a4     0x12a3 CMakeFiles/STM32.dir/Middlewares/ST/STM32_USB_Device_Library/Class/CDC/Src/usbd_cdc.c.obj
 .debug_info    0x0000d847       0x30 CMakeFiles/STM32.dir/startup_stm32f407xx.s.obj
 .debug_info    0x0000d877      0x104 /opt/st/stm32cubeclt_1.16.0/GNU-tools-for-STM32/bin/../lib/gcc/arm-none-eabi/12.3.1/../../../../arm-none-eabi/lib/thumb/v7e-m+fp/hard/libg_nano.a(libc_a-memcmp.o)
 .debug_info    0x0000d97b      0x121 /opt/st/stm32cubeclt_1.16.0/GNU-tools-for-STM32/bin/../lib/gcc/arm-none-eabi/12.3.1/../../../../arm-none-eabi/lib/thumb/v7e-m+fp/hard/libg_nano.a(libc_a-memcpy-stub.o)

.debug_abbrev   0x00000000     0x2ba0
 .debug_abbrev  0x00000000      0x255 CMakeFiles/STM32.dir/Core/Src/main.c.obj
 .debug_abbrev  0x00000255      0x1a4 CMakeFiles/STM32.dir/Core/Src/stm32f4xx_it.c.obj
 .debug_abbrev  0x000003f9       0xf4 CMakeFiles/STM32.dir/Core/Src/stm32f4xx_hal_msp.c.obj
 .debug_abbrev  0x000004ed      0x195 CMakeFiles/STM32.dir/USB_DEVICE/App/usb_device.c.obj
 .debug_abbrev  0x00000682      0x1e1 CMakeFiles/STM32.dir/USB_DEVICE/App/usbd_desc.c.obj
 .debug_abbrev  0x00000863      0x316 CMakeFiles/STM32.dir/USB_DEVICE/App/usbd_cdc_if.c.obj
 .debug_abbrev  0x00000b79      0x33f CMakeFiles/STM32.dir/USB_DEVICE/Target/usbd_conf.c.obj
 .debug_abbrev  0x00000eb8      0x2b9 CMakeFiles/STM32.dir/Drivers/STM32F4xx_HAL_Driver/Src/stm32f4xx_hal_pcd.c.obj
 .debug_abbrev  0x00001171      0x1da CMakeFiles/STM32.dir/Drivers/STM32F4xx_HAL_Driver/Src/stm32f4xx_hal_pcd_ex.c.obj
 .debug_abbrev  0x0000134b      0x2b3 CMakeFiles/STM32.dir/Drivers/STM32F4xx_HAL_Driver/Src/stm32f4xx_ll_usb.c.obj
 .debug_abbrev  0x000015fe      0x2b7 CMakeFiles/STM32.dir/Drivers/STM32F4xx_HAL_Driver/Src/stm32f4xx_hal_rcc.c.obj
 .debug_abbrev  0x000018b5      0x1d4 CMakeFiles/STM32.dir/Drivers/STM32F4xx_HAL_Driver/Src/stm32f4xx_hal_gpio.c.obj
 .debug_abbrev  0x00001a89      0x31d CMakeFiles/STM32.dir/Drivers/STM32F4xx_HAL_Driver/Src/stm32f4xx_hal_cortex.c.obj
 .debug_abbrev  0x00001da6      0x214 CMakeFiles/STM32.dir/Drivers/STM32F4xx_HAL_Driver/Src/stm32f4xx_hal.c.obj
 .debug_abbrev  0x00001fba      0x11a CMakeFiles/STM32.dir/Core/Src/system_stm32f4xx.c.obj
 .debug_abbrev  0x000020d4      0x27c CMakeFiles/STM32.dir/Middlewares/ST/STM32_USB_Device_Library/Core/Src/usbd_core.c.obj
 .debug_abbrev  0x00002350      0x26f CMakeFiles/STM32.dir/Middlewares/ST/STM32_USB_Device_Library/Core/Src/usbd_ctlreq.c.obj
 .debug_abbrev  0x000025bf      0x19a CMakeFiles/STM32.dir/Middlewares/ST/STM32_USB_Device_Library/Core/Src/usbd_ioreq.c.obj
 .debug_abbrev  0x00002759      0x2d2 CMakeFiles/STM32.dir/Middlewares/ST/STM32_USB_Device_Library/Class/CDC/Src/usbd_cdc.c.obj
 .debug_abbrev  0x00002a2b       0x24 CMakeFiles/STM32.dir/startup_stm32f407xx.s.obj
 .debug_abbrev  0x00002a4f       0x90 /opt/st/stm32cubeclt_1.16.0/GNU-tools-for-STM32/bin/../lib/gcc/arm-none-eabi/12.3.1/../../../../arm-none-eabi/lib/thumb/v7e-m+fp/hard/libg_nano.a(libc_a-memcmp.o)
 .debug_abbrev  0x00002adf       0xc1 /opt/st/stm32cubeclt_1.16.0/GNU-tools-for-STM32/bin/../lib/gcc/arm-none-eabi/12.3.1/../../../../arm-none-eabi/lib/thumb/v7e-m+fp/hard/libg_nano.a(libc_a-memcpy-stub.o)

.debug_aranges  0x00000000      0xba0
 .debug_aranges
                0x00000000       0x40 CMakeFiles/STM32.dir/Core/Src/main.c.obj
 .debug_aranges
                0x00000040       0x68 CMakeFiles/STM32.dir/Core/Src/stm32f4xx_it.c.obj
 .debug_aranges
                0x000000a8       0x20 CMakeFiles/STM32.dir/Core/Src/stm32f4xx_hal_msp.c.obj
 .debug_aranges
                0x000000c8       0x20 CMakeFiles/STM32.dir/USB_DEVICE/App/usb_device.c.obj
 .debug_aranges
                0x000000e8       0x60 CMakeFiles/STM32.dir/USB_DEVICE/App/usbd_desc.c.obj
 .debug_aranges
                0x00000148       0x50 CMakeFiles/STM32.dir/USB_DEVICE/App/usbd_cdc_if.c.obj
 .debug_aranges
                0x00000198      0x110 CMakeFiles/STM32.dir/USB_DEVICE/Target/usbd_conf.c.obj
 .debug_aranges
                0x000002a8      0x148 CMakeFiles/STM32.dir/Drivers/STM32F4xx_HAL_Driver/Src/stm32f4xx_hal_pcd.c.obj
 .debug_aranges
                0x000003f0       0x38 CMakeFiles/STM32.dir/Drivers/STM32F4xx_HAL_Driver/Src/stm32f4xx_hal_pcd_ex.c.obj
 .debug_aranges
                0x00000428      0x1a0 CMakeFiles/STM32.dir/Drivers/STM32F4xx_HAL_Driver/Src/stm32f4xx_ll_usb.c.obj
 .debug_aranges
                0x000005c8       0x88 CMakeFiles/STM32.dir/Drivers/STM32F4xx_HAL_Driver/Src/stm32f4xx_hal_rcc.c.obj
 .debug_aranges
                0x00000650       0x58 CMakeFiles/STM32.dir/Drivers/STM32F4xx_HAL_Driver/Src/stm32f4xx_hal_gpio.c.obj
 .debug_aranges
                0x000006a8      0x130 CMakeFiles/STM32.dir/Drivers/STM32F4xx_HAL_Driver/Src/stm32f4xx_hal_cortex.c.obj
 .debug_aranges
                0x000007d8       0xf0 CMakeFiles/STM32.dir/Drivers/STM32F4xx_HAL_Driver/Src/stm32f4xx_hal.c.obj
 .debug_aranges
                0x000008c8       0x28 CMakeFiles/STM32.dir/Core/Src/system_stm32f4xx.c.obj
 .debug_aranges
                0x000008f0       0xd8 CMakeFiles/STM32.dir/Middlewares/ST/STM32_USB_Device_Library/Core/Src/usbd_core.c.obj
 .debug_aranges
                0x000009c8       0x90 CMakeFiles/STM32.dir/Middlewares/ST/STM32_USB_Device_Library/Core/Src/usbd_ctlreq.c.obj
 .debug_aranges
                0x00000a58       0x50 CMakeFiles/STM32.dir/Middlewares/ST/STM32_USB_Device_Library/Core/Src/usbd_ioreq.c.obj
 .debug_aranges
                0x00000aa8       0x90 CMakeFiles/STM32.dir/Middlewares/ST/STM32_USB_Device_Library/Class/CDC/Src/usbd_cdc.c.obj
 .debug_aranges
                0x00000b38       0x28 CMakeFiles/STM32.dir/startup_stm32f407xx.s.obj
 .debug_aranges
                0x00000b60       0x20 /opt/st/stm32cubeclt_1.16.0/GNU-tools-for-STM32/bin/../lib/gcc/arm-none-eabi/12.3.1/../../../../arm-none-eabi/lib/thumb/v7e-m+fp/hard/libg_nano.a(libc_a-memcmp.o)
 .debug_aranges
                0x00000b80       0x20 /opt/st/stm32cubeclt_1.16.0/GNU-tools-for-STM32/bin/../lib/gcc/arm-none-eabi/12.3.1/../../../../arm-none-eabi/lib/thumb/v7e-m+fp/hard/libg_nano.a(libc_a-memcpy-stub.o)

.debug_rnglists
                0x00000000      0x888
 .debug_rnglists
                0x00000000       0x2e CMakeFiles/STM32.dir/Core/Src/main.c.obj
 .debug_rnglists
                0x0000002e       0x49 CMakeFiles/STM32.dir/Core/Src/stm32f4xx_it.c.obj
 .debug_rnglists
                0x00000077       0x13 CMakeFiles/STM32.dir/Core/Src/stm32f4xx_hal_msp.c.obj
 .debug_rnglists
                0x0000008a       0x13 CMakeFiles/STM32.dir/USB_DEVICE/App/usb_device.c.obj
 .debug_rnglists
                0x0000009d       0x43 CMakeFiles/STM32.dir/USB_DEVICE/App/usbd_desc.c.obj
 .debug_rnglists
                0x000000e0       0x39 CMakeFiles/STM32.dir/USB_DEVICE/App/usbd_cdc_if.c.obj
 .debug_rnglists
                0x00000119       0xc9 CMakeFiles/STM32.dir/USB_DEVICE/Target/usbd_conf.c.obj
 .debug_rnglists
                0x000001e2       0xfa CMakeFiles/STM32.dir/Drivers/STM32F4xx_HAL_Driver/Src/stm32f4xx_hal_pcd.c.obj
 .debug_rnglists
                0x000002dc       0x26 CMakeFiles/STM32.dir/Drivers/STM32F4xx_HAL_Driver/Src/stm32f4xx_hal_pcd_ex.c.obj
 .debug_rnglists
                0x00000302      0x147 CMakeFiles/STM32.dir/Drivers/STM32F4xx_HAL_Driver/Src/stm32f4xx_ll_usb.c.obj
 .debug_rnglists
                0x00000449       0x66 CMakeFiles/STM32.dir/Drivers/STM32F4xx_HAL_Driver/Src/stm32f4xx_hal_rcc.c.obj
 .debug_rnglists
                0x000004af       0x3f CMakeFiles/STM32.dir/Drivers/STM32F4xx_HAL_Driver/Src/stm32f4xx_hal_gpio.c.obj
 .debug_rnglists
                0x000004ee       0xe0 CMakeFiles/STM32.dir/Drivers/STM32F4xx_HAL_Driver/Src/stm32f4xx_hal_cortex.c.obj
 .debug_rnglists
                0x000005ce       0xaf CMakeFiles/STM32.dir/Drivers/STM32F4xx_HAL_Driver/Src/stm32f4xx_hal.c.obj
 .debug_rnglists
                0x0000067d       0x1a CMakeFiles/STM32.dir/Core/Src/system_stm32f4xx.c.obj
 .debug_rnglists
                0x00000697       0xa1 CMakeFiles/STM32.dir/Middlewares/ST/STM32_USB_Device_Library/Core/Src/usbd_core.c.obj
 .debug_rnglists
                0x00000738       0x6e CMakeFiles/STM32.dir/Middlewares/ST/STM32_USB_Device_Library/Core/Src/usbd_ctlreq.c.obj
 .debug_rnglists
                0x000007a6       0x37 CMakeFiles/STM32.dir/Middlewares/ST/STM32_USB_Device_Library/Core/Src/usbd_ioreq.c.obj
 .debug_rnglists
                0x000007dd       0x6c CMakeFiles/STM32.dir/Middlewares/ST/STM32_USB_Device_Library/Class/CDC/Src/usbd_cdc.c.obj
 .debug_rnglists
                0x00000849       0x19 CMakeFiles/STM32.dir/startup_stm32f407xx.s.obj
 .debug_rnglists
                0x00000862       0x13 /opt/st/stm32cubeclt_1.16.0/GNU-tools-for-STM32/bin/../lib/gcc/arm-none-eabi/12.3.1/../../../../arm-none-eabi/lib/thumb/v7e-m+fp/hard/libg_nano.a(libc_a-memcmp.o)
 .debug_rnglists
                0x00000875       0x13 /opt/st/stm32cubeclt_1.16.0/GNU-tools-for-STM32/bin/../lib/gcc/arm-none-eabi/12.3.1/../../../../arm-none-eabi/lib/thumb/v7e-m+fp/hard/libg_nano.a(libc_a-memcpy-stub.o)

.debug_macro    0x00000000    0x22924
 .debug_macro   0x00000000      0x336 CMakeFiles/STM32.dir/Core/Src/main.c.obj
 .debug_macro   0x00000336      0xab4 CMakeFiles/STM32.dir/Core/Src/main.c.obj
 .debug_macro   0x00000dea      0x295 CMakeFiles/STM32.dir/Core/Src/main.c.obj
 .debug_macro   0x0000107f       0x2e CMakeFiles/STM32.dir/Core/Src/main.c.obj
 .debug_macro   0x000010ad       0x2f CMakeFiles/STM32.dir/Core/Src/main.c.obj
 .debug_macro   0x000010dc       0x22 CMakeFiles/STM32.dir/Core/Src/main.c.obj
 .debug_macro   0x000010fe       0x8e CMakeFiles/STM32.dir/Core/Src/main.c.obj
 .debug_macro   0x0000118c       0x51 CMakeFiles/STM32.dir/Core/Src/main.c.obj
 .debug_macro   0x000011dd      0x103 CMakeFiles/STM32.dir/Core/Src/main.c.obj
 .debug_macro   0x000012e0       0x6a CMakeFiles/STM32.dir/Core/Src/main.c.obj
 .debug_macro   0x0000134a      0x1df CMakeFiles/STM32.dir/Core/Src/main.c.obj
 .debug_macro   0x00001529       0x1c CMakeFiles/STM32.dir/Core/Src/main.c.obj
 .debug_macro   0x00001545       0x22 CMakeFiles/STM32.dir/Core/Src/main.c.obj
 .debug_macro   0x00001567       0xfb CMakeFiles/STM32.dir/Core/Src/main.c.obj
 .debug_macro   0x00001662     0x1011 CMakeFiles/STM32.dir/Core/Src/main.c.obj
 .debug_macro   0x00002673      0x11f CMakeFiles/STM32.dir/Core/Src/main.c.obj
 .debug_macro   0x00002792    0x15e97 CMakeFiles/STM32.dir/Core/Src/main.c.obj
 .debug_macro   0x00018629       0x6d CMakeFiles/STM32.dir/Core/Src/main.c.obj
 .debug_macro   0x00018696     0x369a CMakeFiles/STM32.dir/Core/Src/main.c.obj
 .debug_macro   0x0001bd30      0x189 CMakeFiles/STM32.dir/Core/Src/main.c.obj
 .debug_macro   0x0001beb9       0x5c CMakeFiles/STM32.dir/Core/Src/main.c.obj
 .debug_macro   0x0001bf15      0x980 CMakeFiles/STM32.dir/Core/Src/main.c.obj
 .debug_macro   0x0001c895      0x9e9 CMakeFiles/STM32.dir/Core/Src/main.c.obj
 .debug_macro   0x0001d27e      0x115 CMakeFiles/STM32.dir/Core/Src/main.c.obj
 .debug_macro   0x0001d393      0x13e CMakeFiles/STM32.dir/Core/Src/main.c.obj
 .debug_macro   0x0001d4d1       0xa5 CMakeFiles/STM32.dir/Core/Src/main.c.obj
 .debug_macro   0x0001d576      0x174 CMakeFiles/STM32.dir/Core/Src/main.c.obj
 .debug_macro   0x0001d6ea      0x287 CMakeFiles/STM32.dir/Core/Src/main.c.obj
 .debug_macro   0x0001d971       0x5f CMakeFiles/STM32.dir/Core/Src/main.c.obj
 .debug_macro   0x0001d9d0      0x236 CMakeFiles/STM32.dir/Core/Src/main.c.obj
 .debug_macro   0x0001dc06      0x12c CMakeFiles/STM32.dir/Core/Src/main.c.obj
 .debug_macro   0x0001dd32      0x21e CMakeFiles/STM32.dir/Core/Src/main.c.obj
 .debug_macro   0x0001df50       0x2e CMakeFiles/STM32.dir/Core/Src/main.c.obj
 .debug_macro   0x0001df7e      0x127 CMakeFiles/STM32.dir/Core/Src/main.c.obj
 .debug_macro   0x0001e0a5       0x7e CMakeFiles/STM32.dir/Core/Src/main.c.obj
 .debug_macro   0x0001e123       0x89 CMakeFiles/STM32.dir/Core/Src/main.c.obj
 .debug_macro   0x0001e1ac      0x293 CMakeFiles/STM32.dir/Core/Src/main.c.obj
 .debug_macro   0x0001e43f       0xba CMakeFiles/STM32.dir/Core/Src/main.c.obj
 .debug_macro   0x0001e4f9      0x12d CMakeFiles/STM32.dir/Core/Src/main.c.obj
 .debug_macro   0x0001e626       0x74 CMakeFiles/STM32.dir/Core/Src/main.c.obj
 .debug_macro   0x0001e69a       0x2a CMakeFiles/STM32.dir/Core/Src/main.c.obj
 .debug_macro   0x0001e6c4       0x3c CMakeFiles/STM32.dir/Core/Src/main.c.obj
 .debug_macro   0x0001e700       0x34 CMakeFiles/STM32.dir/Core/Src/main.c.obj
 .debug_macro   0x0001e734       0x16 CMakeFiles/STM32.dir/Core/Src/main.c.obj
 .debug_macro   0x0001e74a       0x43 CMakeFiles/STM32.dir/Core/Src/main.c.obj
 .debug_macro   0x0001e78d       0x34 CMakeFiles/STM32.dir/Core/Src/main.c.obj
 .debug_macro   0x0001e7c1       0x10 CMakeFiles/STM32.dir/Core/Src/main.c.obj
 .debug_macro   0x0001e7d1       0x58 CMakeFiles/STM32.dir/Core/Src/main.c.obj
 .debug_macro   0x0001e829      0x1de CMakeFiles/STM32.dir/Core/Src/main.c.obj
 .debug_macro   0x0001ea07      0x369 CMakeFiles/STM32.dir/Core/Src/main.c.obj
 .debug_macro   0x0001ed70       0x10 CMakeFiles/STM32.dir/Core/Src/main.c.obj
 .debug_macro   0x0001ed80       0x35 CMakeFiles/STM32.dir/Core/Src/main.c.obj
 .debug_macro   0x0001edb5       0x20 CMakeFiles/STM32.dir/Core/Src/main.c.obj
 .debug_macro   0x0001edd5       0x22 CMakeFiles/STM32.dir/Core/Src/main.c.obj
 .debug_macro   0x0001edf7       0x1c CMakeFiles/STM32.dir/Core/Src/main.c.obj
 .debug_macro   0x0001ee13       0x10 CMakeFiles/STM32.dir/Core/Src/main.c.obj
 .debug_macro   0x0001ee23       0x1c CMakeFiles/STM32.dir/Core/Src/main.c.obj
 .debug_macro   0x0001ee3f       0x16 CMakeFiles/STM32.dir/Core/Src/main.c.obj
 .debug_macro   0x0001ee55      0x170 CMakeFiles/STM32.dir/Core/Src/main.c.obj
 .debug_macro   0x0001efc5       0x16 CMakeFiles/STM32.dir/Core/Src/main.c.obj
 .debug_macro   0x0001efdb       0x16 CMakeFiles/STM32.dir/Core/Src/main.c.obj
 .debug_macro   0x0001eff1       0x29 CMakeFiles/STM32.dir/Core/Src/main.c.obj
 .debug_macro   0x0001f01a       0x65 CMakeFiles/STM32.dir/Core/Src/main.c.obj
 .debug_macro   0x0001f07f      0x20f CMakeFiles/STM32.dir/Core/Src/main.c.obj
 .debug_macro   0x0001f28e      0x2b0 CMakeFiles/STM32.dir/Core/Src/stm32f4xx_it.c.obj
 .debug_macro   0x0001f53e      0x2a6 CMakeFiles/STM32.dir/Core/Src/stm32f4xx_hal_msp.c.obj
 .debug_macro   0x0001f7e4      0x38d CMakeFiles/STM32.dir/USB_DEVICE/App/usb_device.c.obj
 .debug_macro   0x0001fb71       0x16 CMakeFiles/STM32.dir/USB_DEVICE/App/usb_device.c.obj
 .debug_macro   0x0001fb87       0x16 CMakeFiles/STM32.dir/USB_DEVICE/App/usb_device.c.obj
 .debug_macro   0x0001fb9d       0x16 CMakeFiles/STM32.dir/USB_DEVICE/App/usb_device.c.obj
 .debug_macro   0x0001fbb3       0x22 CMakeFiles/STM32.dir/USB_DEVICE/App/usb_device.c.obj
 .debug_macro   0x0001fbd5       0x95 CMakeFiles/STM32.dir/USB_DEVICE/App/usb_device.c.obj
 .debug_macro   0x0001fc6a       0x16 CMakeFiles/STM32.dir/USB_DEVICE/App/usb_device.c.obj
 .debug_macro   0x0001fc80      0x391 CMakeFiles/STM32.dir/USB_DEVICE/App/usbd_desc.c.obj
 .debug_macro   0x00020011       0x6e CMakeFiles/STM32.dir/USB_DEVICE/App/usbd_desc.c.obj
 .debug_macro   0x0002007f       0x94 CMakeFiles/STM32.dir/USB_DEVICE/App/usbd_desc.c.obj
 .debug_macro   0x00020113       0x57 CMakeFiles/STM32.dir/USB_DEVICE/App/usbd_desc.c.obj
 .debug_macro   0x0002016a       0x9e CMakeFiles/STM32.dir/USB_DEVICE/App/usbd_desc.c.obj
 .debug_macro   0x00020208      0x10b CMakeFiles/STM32.dir/USB_DEVICE/App/usbd_desc.c.obj
 .debug_macro   0x00020313       0x56 CMakeFiles/STM32.dir/USB_DEVICE/App/usbd_desc.c.obj
 .debug_macro   0x00020369      0x215 CMakeFiles/STM32.dir/USB_DEVICE/App/usbd_desc.c.obj
 .debug_macro   0x0002057e       0x1c CMakeFiles/STM32.dir/USB_DEVICE/App/usbd_desc.c.obj
 .debug_macro   0x0002059a      0x372 CMakeFiles/STM32.dir/USB_DEVICE/App/usbd_cdc_if.c.obj
 .debug_macro   0x0002090c       0x10 CMakeFiles/STM32.dir/USB_DEVICE/App/usbd_cdc_if.c.obj
 .debug_macro   0x0002091c      0x371 CMakeFiles/STM32.dir/USB_DEVICE/Target/usbd_conf.c.obj
 .debug_macro   0x00020c8d      0x1e0 CMakeFiles/STM32.dir/Drivers/STM32F4xx_HAL_Driver/Src/stm32f4xx_hal_pcd.c.obj
 .debug_macro   0x00020e6d      0x1d4 CMakeFiles/STM32.dir/Drivers/STM32F4xx_HAL_Driver/Src/stm32f4xx_hal_pcd_ex.c.obj
 .debug_macro   0x00021041      0x1d4 CMakeFiles/STM32.dir/Drivers/STM32F4xx_HAL_Driver/Src/stm32f4xx_ll_usb.c.obj
 .debug_macro   0x00021215      0x1f8 CMakeFiles/STM32.dir/Drivers/STM32F4xx_HAL_Driver/Src/stm32f4xx_hal_rcc.c.obj
 .debug_macro   0x0002140d      0x1da CMakeFiles/STM32.dir/Drivers/STM32F4xx_HAL_Driver/Src/stm32f4xx_hal_gpio.c.obj
 .debug_macro   0x000215e7      0x1d4 CMakeFiles/STM32.dir/Drivers/STM32F4xx_HAL_Driver/Src/stm32f4xx_hal_cortex.c.obj
 .debug_macro   0x000217bb      0x234 CMakeFiles/STM32.dir/Drivers/STM32F4xx_HAL_Driver/Src/stm32f4xx_hal.c.obj
 .debug_macro   0x000219ef      0x1d4 CMakeFiles/STM32.dir/Core/Src/system_stm32f4xx.c.obj
 .debug_macro   0x00021bc3      0x34e CMakeFiles/STM32.dir/Middlewares/ST/STM32_USB_Device_Library/Core/Src/usbd_core.c.obj
 .debug_macro   0x00021f11      0x358 CMakeFiles/STM32.dir/Middlewares/ST/STM32_USB_Device_Library/Core/Src/usbd_ctlreq.c.obj
 .debug_macro   0x00022269      0x354 CMakeFiles/STM32.dir/Middlewares/ST/STM32_USB_Device_Library/Core/Src/usbd_ioreq.c.obj
 .debug_macro   0x000225bd      0x367 CMakeFiles/STM32.dir/Middlewares/ST/STM32_USB_Device_Library/Class/CDC/Src/usbd_cdc.c.obj

.debug_line     0x00000000     0xef31
 .debug_line    0x00000000      0x9e5 CMakeFiles/STM32.dir/Core/Src/main.c.obj
 .debug_line    0x000009e5      0x82e CMakeFiles/STM32.dir/Core/Src/stm32f4xx_it.c.obj
 .debug_line    0x00001213      0x754 CMakeFiles/STM32.dir/Core/Src/stm32f4xx_hal_msp.c.obj
 .debug_line    0x00001967      0x998 CMakeFiles/STM32.dir/USB_DEVICE/App/usb_device.c.obj
 .debug_line    0x000022ff      0xa1b CMakeFiles/STM32.dir/USB_DEVICE/App/usbd_desc.c.obj
 .debug_line    0x00002d1a      0xa69 CMakeFiles/STM32.dir/USB_DEVICE/App/usbd_cdc_if.c.obj
 .debug_line    0x00003783      0xd96 CMakeFiles/STM32.dir/USB_DEVICE/Target/usbd_conf.c.obj
 .debug_line    0x00004519     0x1484 CMakeFiles/STM32.dir/Drivers/STM32F4xx_HAL_Driver/Src/stm32f4xx_hal_pcd.c.obj
 .debug_line    0x0000599d      0x778 CMakeFiles/STM32.dir/Drivers/STM32F4xx_HAL_Driver/Src/stm32f4xx_hal_pcd_ex.c.obj
 .debug_line    0x00006115     0x1d76 CMakeFiles/STM32.dir/Drivers/STM32F4xx_HAL_Driver/Src/stm32f4xx_ll_usb.c.obj
 .debug_line    0x00007e8b      0xd26 CMakeFiles/STM32.dir/Drivers/STM32F4xx_HAL_Driver/Src/stm32f4xx_hal_rcc.c.obj
 .debug_line    0x00008bb1      0xb27 CMakeFiles/STM32.dir/Drivers/STM32F4xx_HAL_Driver/Src/stm32f4xx_hal_gpio.c.obj
 .debug_line    0x000096d8      0xc8d CMakeFiles/STM32.dir/Drivers/STM32F4xx_HAL_Driver/Src/stm32f4xx_hal_cortex.c.obj
 .debug_line    0x0000a365      0x99b CMakeFiles/STM32.dir/Drivers/STM32F4xx_HAL_Driver/Src/stm32f4xx_hal.c.obj
 .debug_line    0x0000ad00      0x732 CMakeFiles/STM32.dir/Core/Src/system_stm32f4xx.c.obj
 .debug_line    0x0000b432      0xe7c CMakeFiles/STM32.dir/Middlewares/ST/STM32_USB_Device_Library/Core/Src/usbd_core.c.obj
 .debug_line    0x0000c2ae     0x108c CMakeFiles/STM32.dir/Middlewares/ST/STM32_USB_Device_Library/Core/Src/usbd_ctlreq.c.obj
 .debug_line    0x0000d33a      0x996 CMakeFiles/STM32.dir/Middlewares/ST/STM32_USB_Device_Library/Core/Src/usbd_ioreq.c.obj
 .debug_line    0x0000dcd0      0xe48 CMakeFiles/STM32.dir/Middlewares/ST/STM32_USB_Device_Library/Class/CDC/Src/usbd_cdc.c.obj
 .debug_line    0x0000eb18       0x7a CMakeFiles/STM32.dir/startup_stm32f407xx.s.obj
 .debug_line    0x0000eb92      0x19d /opt/st/stm32cubeclt_1.16.0/GNU-tools-for-STM32/bin/../lib/gcc/arm-none-eabi/12.3.1/../../../../arm-none-eabi/lib/thumb/v7e-m+fp/hard/libg_nano.a(libc_a-memcmp.o)
 .debug_line    0x0000ed2f      0x202 /opt/st/stm32cubeclt_1.16.0/GNU-tools-for-STM32/bin/../lib/gcc/arm-none-eabi/12.3.1/../../../../arm-none-eabi/lib/thumb/v7e-m+fp/hard/libg_nano.a(libc_a-memcpy-stub.o)

.debug_str      0x00000000    0xc3f71
 .debug_str     0x00000000    0xc00d9 CMakeFiles/STM32.dir/Core/Src/main.c.obj
                              0xc03d7 (size before relaxing)
 .debug_str     0x000c00d9      0x4c9 CMakeFiles/STM32.dir/Core/Src/stm32f4xx_it.c.obj
                              0xbf2a9 (size before relaxing)
 .debug_str     0x000c05a2       0x77 CMakeFiles/STM32.dir/Core/Src/stm32f4xx_hal_msp.c.obj
                              0xbef0d (size before relaxing)
 .debug_str     0x000c0619      0x857 CMakeFiles/STM32.dir/USB_DEVICE/App/usb_device.c.obj
                              0xc08cc (size before relaxing)
 .debug_str     0x000c0e70      0x2b0 CMakeFiles/STM32.dir/USB_DEVICE/App/usbd_desc.c.obj
                              0xc0419 (size before relaxing)
 .debug_str     0x000c1120      0x1e1 CMakeFiles/STM32.dir/USB_DEVICE/App/usbd_cdc_if.c.obj
                              0xc09c4 (size before relaxing)
 .debug_str     0x000c1301      0x9cf CMakeFiles/STM32.dir/USB_DEVICE/Target/usbd_conf.c.obj
                              0xc170e (size before relaxing)
 .debug_str     0x000c1cd0      0x636 CMakeFiles/STM32.dir/Drivers/STM32F4xx_HAL_Driver/Src/stm32f4xx_hal_pcd.c.obj
                              0xbced4 (size before relaxing)
 .debug_str     0x000c2306      0x143 CMakeFiles/STM32.dir/Drivers/STM32F4xx_HAL_Driver/Src/stm32f4xx_hal_pcd_ex.c.obj
                              0xbc7c4 (size before relaxing)
 .debug_str     0x000c2449      0x4d2 CMakeFiles/STM32.dir/Drivers/STM32F4xx_HAL_Driver/Src/stm32f4xx_ll_usb.c.obj
                              0xbcdaf (size before relaxing)
 .debug_str     0x000c291b      0x2cf CMakeFiles/STM32.dir/Drivers/STM32F4xx_HAL_Driver/Src/stm32f4xx_hal_rcc.c.obj
                              0xbc82a (size before relaxing)
 .debug_str     0x000c2bea      0x116 CMakeFiles/STM32.dir/Drivers/STM32F4xx_HAL_Driver/Src/stm32f4xx_hal_gpio.c.obj
                              0xbc571 (size before relaxing)
 .debug_str     0x000c2d00      0x3ca CMakeFiles/STM32.dir/Drivers/STM32F4xx_HAL_Driver/Src/stm32f4xx_hal_cortex.c.obj
                              0xbccf6 (size before relaxing)
 .debug_str     0x000c30ca      0x5a2 CMakeFiles/STM32.dir/Drivers/STM32F4xx_HAL_Driver/Src/stm32f4xx_hal.c.obj
                              0xbcf7a (size before relaxing)
 .debug_str     0x000c366c       0x78 CMakeFiles/STM32.dir/Core/Src/system_stm32f4xx.c.obj
                              0xbc3f6 (size before relaxing)
 .debug_str     0x000c36e4      0x2ac CMakeFiles/STM32.dir/Middlewares/ST/STM32_USB_Device_Library/Core/Src/usbd_core.c.obj
                              0xc0819 (size before relaxing)
 .debug_str     0x000c3990      0x13a CMakeFiles/STM32.dir/Middlewares/ST/STM32_USB_Device_Library/Core/Src/usbd_ctlreq.c.obj
                              0xc0644 (size before relaxing)
 .debug_str     0x000c3aca       0x91 CMakeFiles/STM32.dir/Middlewares/ST/STM32_USB_Device_Library/Core/Src/usbd_ioreq.c.obj
                              0xc0519 (size before relaxing)
 .debug_str     0x000c3b5b      0x1cd CMakeFiles/STM32.dir/Middlewares/ST/STM32_USB_Device_Library/Class/CDC/Src/usbd_cdc.c.obj
                              0xc0ec0 (size before relaxing)
 .debug_str     0x000c3d28       0x63 CMakeFiles/STM32.dir/startup_stm32f407xx.s.obj
                                 0xa0 (size before relaxing)
 .debug_str     0x000c3d8b      0x16e /opt/st/stm32cubeclt_1.16.0/GNU-tools-for-STM32/bin/../lib/gcc/arm-none-eabi/12.3.1/../../../../arm-none-eabi/lib/thumb/v7e-m+fp/hard/libg_nano.a(libc_a-memcmp.o)
                                0x211 (size before relaxing)
 .debug_str     0x000c3ef9       0x78 /opt/st/stm32cubeclt_1.16.0/GNU-tools-for-STM32/bin/../lib/gcc/arm-none-eabi/12.3.1/../../../../arm-none-eabi/lib/thumb/v7e-m+fp/hard/libg_nano.a(libc_a-memcpy-stub.o)
                                0x22f (size before relaxing)

.debug_line_str
                0x00000000       0x84
 .debug_line_str
                0x00000000       0x84 CMakeFiles/STM32.dir/startup_stm32f407xx.s.obj

.debug_loclists
                0x00000000      0x130
 .debug_loclists
                0x00000000       0xa1 /opt/st/stm32cubeclt_1.16.0/GNU-tools-for-STM32/bin/../lib/gcc/arm-none-eabi/12.3.1/../../../../arm-none-eabi/lib/thumb/v7e-m+fp/hard/libg_nano.a(libc_a-memcmp.o)
 .debug_loclists
                0x000000a1       0x8f /opt/st/stm32cubeclt_1.16.0/GNU-tools-for-STM32/bin/../lib/gcc/arm-none-eabi/12.3.1/../../../../arm-none-eabi/lib/thumb/v7e-m+fp/hard/libg_nano.a(libc_a-memcpy-stub.o)